Archive member included to satisfy reference by file (symbol)

/opt/st/stm32cubeide_2.1.1/plugins/com.st.stm32cube.ide.mcu.externaltools.gnu-tools-for-stm32.14.3.rel1.linux64_1.0.100.202602081740/tools/bin/../lib/gcc/arm-none-eabi/14.3.1/../../../../arm-none-eabi/lib/thumb/v7e-m+fp/hard/libc_nano.a(libc_a-exit.o)
                              /opt/st/stm32cubeide_2.1.1/plugins/com.st.stm32cube.ide.mcu.externaltools.gnu-tools-for-stm32.14.3.rel1.linux64_1.0.100.202602081740/tools/bin/../lib/gcc/arm-none-eabi/14.3.1/../../../../arm-none-eabi/lib/thumb/v7e-m+fp/hard/crt0.o (exit)
/opt/st/stm32cubeide_2.1.1/plugins/com.st.stm32cube.ide.mcu.externaltools.gnu-tools-for-stm32.14.3.rel1.linux64_1.0.100.202602081740/tools/bin/../lib/gcc/arm-none-eabi/14.3.1/../../../../arm-none-eabi/lib/thumb/v7e-m+fp/hard/libc_nano.a(libc_a-findfp.o)
                              /opt/st/stm32cubeide_2.1.1/plugins/com.st.stm32cube.ide.mcu.externaltools.gnu-tools-for-stm32.14.3.rel1.linux64_1.0.100.202602081740/tools/bin/../lib/gcc/arm-none-eabi/14.3.1/../../../../arm-none-eabi/lib/thumb/v7e-m+fp/hard/libc_nano.a(libc_a-exit.o) (__stdio_exit_handler)
/opt/st/stm32cubeide_2.1.1/plugins/com.st.stm32cube.ide.mcu.externaltools.gnu-tools-for-stm32.14.3.rel1.linux64_1.0.100.202602081740/tools/bin/../lib/gcc/arm-none-eabi/14.3.1/../../../../arm-none-eabi/lib/thumb/v7e-m+fp/hard/libc_nano.a(libc_a-fwalk.o)
                              /opt/st/stm32cubeide_2.1.1/plugins/com.st.stm32cube.ide.mcu.externaltools.gnu-tools-for-stm32.14.3.rel1.linux64_1.0.100.202602081740/tools/bin/../lib/gcc/arm-none-eabi/14.3.1/../../../../arm-none-eabi/lib/thumb/v7e-m+fp/hard/libc_nano.a(libc_a-findfp.o) (_fwalk_sglue)
/opt/st/stm32cubeide_2.1.1/plugins/com.st.stm32cube.ide.mcu.externaltools.gnu-tools-for-stm32.14.3.rel1.linux64_1.0.100.202602081740/tools/bin/../lib/gcc/arm-none-eabi/14.3.1/../../../../arm-none-eabi/lib/thumb/v7e-m+fp/hard/libc_nano.a(libc_a-snprintf.o)
                              ./Core/Src/main.o (snprintf)
/opt/st/stm32cubeide_2.1.1/plugins/com.st.stm32cube.ide.mcu.externaltools.gnu-tools-for-stm32.14.3.rel1.linux64_1.0.100.202602081740/tools/bin/../lib/gcc/arm-none-eabi/14.3.1/../../../../arm-none-eabi/lib/thumb/v7e-m+fp/hard/libc_nano.a(libc_a-stdio.o)
                              /opt/st/stm32cubeide_2.1.1/plugins/com.st.stm32cube.ide.mcu.externaltools.gnu-tools-for-stm32.14.3.rel1.linux64_1.0.100.202602081740/tools/bin/../lib/gcc/arm-none-eabi/14.3.1/../../../../arm-none-eabi/lib/thumb/v7e-m+fp/hard/libc_nano.a(libc_a-findfp.o) (__sread)
/opt/st/stm32cubeide_2.1.1/plugins/com.st.stm32cube.ide.mcu.externaltools.gnu-tools-for-stm32.14.3.rel1.linux64_1.0.100.202602081740/tools/bin/../lib/gcc/arm-none-eabi/14.3.1/../../../../arm-none-eabi/lib/thumb/v7e-m+fp/hard/libc_nano.a(libc_a-memset.o)
                              /opt/st/stm32cubeide_2.1.1/plugins/com.st.stm32cube.ide.mcu.externaltools.gnu-tools-for-stm32.14.3.rel1.linux64_1.0.100.202602081740/tools/bin/../lib/gcc/arm-none-eabi/14.3.1/../../../../arm-none-eabi/lib/thumb/v7e-m+fp/hard/crt0.o (memset)
/opt/st/stm32cubeide_2.1.1/plugins/com.st.stm32cube.ide.mcu.externaltools.gnu-tools-for-stm32.14.3.rel1.linux64_1.0.100.202602081740/tools/bin/../lib/gcc/arm-none-eabi/14.3.1/../../../../arm-none-eabi/lib/thumb/v7e-m+fp/hard/libc_nano.a(libc_a-closer.o)
                              /opt/st/stm32cubeide_2.1.1/plugins/com.st.stm32cube.ide.mcu.externaltools.gnu-tools-for-stm32.14.3.rel1.linux64_1.0.100.202602081740/tools/bin/../lib/gcc/arm-none-eabi/14.3.1/../../../../arm-none-eabi/lib/thumb/v7e-m+fp/hard/libc_nano.a(libc_a-stdio.o) (_close_r)
/opt/st/stm32cubeide_2.1.1/plugins/com.st.stm32cube.ide.mcu.externaltools.gnu-tools-for-stm32.14.3.rel1.linux64_1.0.100.202602081740/tools/bin/../lib/gcc/arm-none-eabi/14.3.1/../../../../arm-none-eabi/lib/thumb/v7e-m+fp/hard/libc_nano.a(libc_a-reent.o)
                              /opt/st/stm32cubeide_2.1.1/plugins/com.st.stm32cube.ide.mcu.externaltools.gnu-tools-for-stm32.14.3.rel1.linux64_1.0.100.202602081740/tools/bin/../lib/gcc/arm-none-eabi/14.3.1/../../../../arm-none-eabi/lib/thumb/v7e-m+fp/hard/libc_nano.a(libc_a-closer.o) (errno)
/opt/st/stm32cubeide_2.1.1/plugins/com.st.stm32cube.ide.mcu.externaltools.gnu-tools-for-stm32.14.3.rel1.linux64_1.0.100.202602081740/tools/bin/../lib/gcc/arm-none-eabi/14.3.1/../../../../arm-none-eabi/lib/thumb/v7e-m+fp/hard/libc_nano.a(libc_a-impure.o)
                              /opt/st/stm32cubeide_2.1.1/plugins/com.st.stm32cube.ide.mcu.externaltools.gnu-tools-for-stm32.14.3.rel1.linux64_1.0.100.202602081740/tools/bin/../lib/gcc/arm-none-eabi/14.3.1/../../../../arm-none-eabi/lib/thumb/v7e-m+fp/hard/libc_nano.a(libc_a-snprintf.o) (_impure_ptr)
/opt/st/stm32cubeide_2.1.1/plugins/com.st.stm32cube.ide.mcu.externaltools.gnu-tools-for-stm32.14.3.rel1.linux64_1.0.100.202602081740/tools/bin/../lib/gcc/arm-none-eabi/14.3.1/../../../../arm-none-eabi/lib/thumb/v7e-m+fp/hard/libc_nano.a(libc_a-lseekr.o)
[...]
Memory Configuration

Name             Origin             Length             Attributes
RAM              0x20000000         0x00020000         xrw
FLASH            0x08004000         0x0007c000         xr
*default*        0x00000000         0xffffffff

Linker script and memory map

LOAD /opt/st/stm32cubeide_2.1.1/plugins/com.st.stm32cube.ide.mcu.externaltools.gnu-tools-for-stm32.14.3.rel1.linux64_1.0.100.202602081740/tools/bin/../lib/gcc/arm-none-eabi/14.3.1/thumb/v7e-m+fp/hard/crti.o
LOAD /opt/st/stm32cubeide_2.1.1/plugins/com.st.stm32cube.ide.mcu.externaltools.gnu-tools-for-stm32.14.3.rel1.linux64_1.0.100.202602081740/tools/bin/../lib/gcc/arm-none-eabi/14.3.1/thumb/v7e-m+fp/hard/crtbegin.o
LOAD /opt/st/stm32cubeide_2.1.1/plugins/com.st.stm32cube.ide.mcu.externaltools.gnu-tools-for-stm32.14.3.rel1.linux64_1.0.100.202602081740/tools/bin/../lib/gcc/arm-none-eabi/14.3.1/../../../../arm-none-eabi/lib/thumb/v7e-m+fp/hard/crt0.o
LOAD ./Core/Src/gpio.o
LOAD ./Core/Src/main.o
LOAD ./Core/Src/spi.o
LOAD ./Core/Src/stm32f4xx_hal_msp.o
LOAD ./Core/Src/stm32f4xx_it.o
LOAD ./Core/Src/syscalls.o
LOAD ./Core/Src/sysmem.o
LOAD ./Core/Src/system_stm32f4xx.o
LOAD ./Core/Startup/startup_stm32f411ceux.o
LOAD ./Drivers/STM32F4xx_HAL_Driver/Src/stm32f4xx_hal.o
LOAD ./Drivers/STM32F4xx_HAL_Driver/Src/stm32f4xx_hal_cortex.o
LOAD ./Drivers/STM32F4xx_HAL_Driver/Src/stm32f4xx_hal_dma.o
LOAD ./Drivers/STM32F4xx_HAL_Driver/Src/stm32f4xx_hal_dma_ex.o
LOAD ./Drivers/STM32F4xx_HAL_Driver/Src/stm32f4xx_hal_exti.o
LOAD ./Drivers/STM32F4xx_HAL_Driver/Src/stm32f4xx_hal_flash.o
LOAD ./Drivers/STM32F4xx_HAL_Driver/Src/stm32f4xx_hal_flash_ex.o
LOAD ./Drivers/STM32F4xx_HAL_Driver/Src/stm32f4xx_hal_flash_ramfunc.o
LOAD ./Drivers/STM32F4xx_HAL_Driver/Src/stm32f4xx_hal_gpio.o
LOAD ./Drivers/STM32F4xx_HAL_Driver/Src/stm32f4xx_hal_pcd.o
LOAD ./Drivers/STM32F4xx_HAL_Driver/Src/stm32f4xx_hal_pcd_ex.o
LOAD ./Drivers/STM32F4xx_HAL_Driver/Src/stm32f4xx_hal_pwr.o
LOAD ./Drivers/STM32F4xx_HAL_Driver/Src/stm32f4xx_hal_pwr_ex.o
LOAD ./Drivers/STM32F4xx_HAL_Driver/Src/stm32f4xx_hal_rcc.o
LOAD ./Drivers/STM32F4xx_HAL_Driver/Src/stm32f4xx_hal_rcc_ex.o
LOAD ./Drivers/STM32F4xx_HAL_Driver/Src/stm32f4xx_hal_spi.o
LOAD ./Drivers/STM32F4xx_HAL_Driver/Src/stm32f4xx_ll_usb.o
LOAD ./Middlewares/ST/STM32_USB_Device_Library/Class/CDC/Src/usbd_cdc.o
LOAD ./Middlewares/ST/STM32_USB_Device_Library/Core/Src/usbd_core.o
LOAD ./Middlewares/ST/STM32_USB_Device_Library/Core/Src/usbd_ctlreq.o
LOAD ./Middlewares/ST/STM32_USB_Device_Library/Core/Src/usbd_ioreq.o
LOAD ./USB_DEVICE/App/usb_device.o
LOAD ./USB_DEVICE/App/usbd_cdc_if.o
LOAD ./USB_DEVICE/App/usbd_desc.o
LOAD ./USB_DEVICE/Target/usbd_conf.o
START GROUP
LOAD /opt/st/stm32cubeide_2.1.1/plugins/com.st.stm32cube.ide.mcu.externaltools.gnu-tools-for-stm32.14.3.rel1.linux64_1.0.100.202602081740/tools/bin/../lib/gcc/arm-none-eabi/14.3.1/../../../../arm-none-eabi/lib/thumb/v7e-m+fp/hard/libc_nano.a
LOAD /opt/st/stm32cubeide_2.1.1/plugins/com.st.stm32cube.ide.mcu.externaltools.gnu-tools-for-stm32.14.3.rel1.linux64_1.0.100.202602081740/tools/bin/../lib/gcc/arm-none-eabi/14.3.1/../../../../arm-none-eabi/lib/thumb/v7e-m+fp/hard/libm.a
END GROUP
START GROUP
LOAD /opt/st/stm32cubeide_2.1.1/plugins/com.st.stm32cube.ide.mcu.externaltools.gnu-tools-for-stm32.14.3.rel1.linux64_1.0.100.202602081740/tools/bin/../lib/gcc/arm-none-eabi/14.3.1/thumb/v7e-m+fp/hard/libgcc.a
LOAD /opt/st/stm32cubeide_2.1.1/plugins/com.st.stm32cube.ide.mcu.externaltools.gnu-tools-for-stm32.14.3.rel1.linux64_1.0.100.202602081740/tools/bin/../lib/gcc/arm-none-eabi/14.3.1/../../../../arm-none-eabi/lib/thumb/v7e-m+fp/hard/libc_nano.a
END GROUP
START GROUP
LOAD /opt/st/stm32cubeide_2.1.1/plugins/com.st.stm32cube.ide.mcu.externaltools.gnu-tools-for-stm32.14.3.rel1.linux64_1.0.100.202602081740/tools/bin/../lib/gcc/arm-none-eabi/14.3.1/thumb/v7e-m+fp/hard/libgcc.a
LOAD /opt/st/stm32cubeide_2.1.1/plugins/com.st.stm32cube.ide.mcu.externaltools.gnu-tools-for-stm32.14.3.rel1.linux64_1.0.100.202602081740/tools/bin/../lib/gcc/arm-none-eabi/14.3.1/../../../../arm-none-eabi/lib/thumb/v7e-m+fp/hard/libc_nano.a
LOAD /opt/st/stm32cubeide_2.1.1/plugins/com.st.stm32cube.ide.mcu.externaltools.gnu-tools-for-stm32.14.3.rel1.linux64_1.0.100.202602081740/tools/bin/../lib/gcc/arm-none-eabi/14.3.1/../../../../arm-none-eabi/lib/thumb/v7e-m+fp/hard/libnosys.a
END GROUP
START GROUP
LOAD /opt/st/stm32cubeide_2.1.1/plugins/com.st.stm32cube.ide.mcu.externaltools.gnu-tools-for-stm32.14.3.rel1.linux64_1.0.100.202602081740/tools/bin/../lib/gcc/arm-none-eabi/14.3.1/thumb/v7e-m+fp/hard/libgcc.a
LOAD /opt/st/stm32cubeide_2.1.1/plugins/com.st.stm32cube.ide.mcu.externaltools.gnu-tools-for-stm32.14.3.rel1.linux64_1.0.100.202602081740/tools/bin/../lib/gcc/arm-none-eabi/14.3.1/../../../../arm-none-eabi/lib/thumb/v7e-m+fp/hard/libc_nano.a
LOAD /opt/st/stm32cubeide_2.1.1/plugins/com.st.stm32cube.ide.mcu.externaltools.gnu-tools-for-stm32.14.3.rel1.linux64_1.0.100.202602081740/tools/bin/../lib/gcc/arm-none-eabi/14.3.1/../../../../arm-none-eabi/lib/thumb/v7e-m+fp/hard/libnosys.a
END GROUP
LOAD /opt/st/stm32cubeide_2.1.1/plugins/com.st.stm32cube.ide.mcu.externaltools.gnu-tools-for-stm32.14.3.rel1.linux64_1.0.100.202602081740/tools/bin/../lib/gcc/arm-none-eabi/14.3.1/thumb/v7e-m+fp/hard/crtend.o
LOAD /opt/st/stm32cubeide_2.1.1/plugins/com.st.stm32cube.ide.mcu.externaltools.gnu-tools-for-stm32.14.3.rel1.linux64_1.0.100.202602081740/tools/bin/../lib/gcc/arm-none-eabi/14.3.1/thumb/v7e-m+fp/hard/crtn.o
                0x20020000                        _estack = (ORIGIN (RAM) + LENGTH (RAM))
                0x00000200                        _Min_Heap_Size = 0x200
                0x00000400                        _Min_Stack_Size = 0x400

.isr_vector     0x08004000      0x198
                0x08004000                        . = ALIGN (0x4)
 *(.isr_vector)
 .isr_vector    0x08004000      0x198 ./Core/Startup/startup_stm32f411ceux.o
                0x08004000                g_pfnVectors
                0x08004198                        . = ALIGN (0x4)

.text           0x080041a0     0x8808
                0x080041a0                        . = ALIGN (0x4)
 *(.text)
 .text          0x080041a0       0x40 /opt/st/stm32cubeide_2.1.1/plugins/com.st.stm32cube.ide.mcu.externaltools.gnu-tools-for-stm32.14.3.rel1.linux64_1.0.100.202602081740/tools/bin/../lib/gcc/arm-none-eabi/14.3.1/thumb/v7e-m+fp/hard/crtbegin.o
 .text          0x080041e0       0xa0 /opt/st/stm32cubeide_2.1.1/plugins/com.st.stm32cube.ide.mcu.externaltools.gnu-tools-for-stm32.14.3.rel1.linux64_1.0.100.202602081740/tools/bin/../lib/gcc/arm-none-eabi/14.3.1/../../../../arm-none-eabi/lib/thumb/v7e-m+fp/hard/libc_nano.a(libc_a-memchr.o)
                0x080041e0                memchr
 .text          0x08004280       0x30 /opt/st/stm32cubeide_2.1.1/plugins/com.st.stm32cube.ide.mcu.externaltools.gnu-tools-for-stm32.14.3.rel1.linux64_1.0.100.202602081740/tools/bin/../lib/gcc/arm-none-eabi/14.3.1/thumb/v7e-m+fp/hard/libgcc.a(_aeabi_uldivmod.o)
                0x08004280                __aeabi_uldivmod
 .text          0x080042b0      0x2f8 /opt/st/stm32cubeide_2.1.1/plugins/com.st.stm32cube.ide.mcu.externaltools.gnu-tools-for-stm32.14.3.rel1.linux64_1.0.100.202602081740/tools/bin/../lib/gcc/arm-none-eabi/14.3.1/thumb/v7e-m+fp/hard/libgcc.a(_udivmoddi4.o)
                0x080042b0                __udivmoddi4
 .text          0x080045a8        0x4 /opt/st/stm32cubeide_2.1.1/plugins/com.st.stm32cube.ide.mcu.externaltools.gnu-tools-for-stm32.14.3.rel1.linux64_1.0.100.202602081740/tools/bin/../lib/gcc/arm-none-eabi/14.3.1/thumb/v7e-m+fp/hard/libgcc.a(_dvmd_tls.o)
                0x080045a8                __aeabi_ldiv0
                0x080045a8                __aeabi_idiv0
 *(.text*)
 .text.MX_GPIO_Init
                0x080045ac      0x108 ./Core/Src/gpio.o
                0x080045ac                MX_GPIO_Init
 .text.main     0x080046b4      0x194 ./Core/Src/main.o
                0x080046b4                main
 .text.SystemClock_Config
                0x08004848       0xd0 ./Core/Src/main.o
                0x08004848                SystemClock_Config
 .text.DWT_Init
                0x08004918       0x34 ./Core/Src/main.o
 .text.delay_us
                0x0800494c       0x50 ./Core/Src/main.o
 .text.usb_write_blocking
                0x0800499c       0x3e ./Core/Src/main.o
 *fill*         0x080049da        0x2 
 .text.ads_cs_low
                0x080049dc       0x18 ./Core/Src/main.o
 .text.ads_cs_high
                0x080049f4       0x18 ./Core/Src/main.o
 .text.ads_send_cmd
                0x08004a0c       0x40 ./Core/Src/main.o
 .text.ads_write_reg
                0x08004a4c       0x64 ./Core/Src/main.o
 .text.ads_read_reg
                0x08004ab0       0x84 ./Core/Src/main.o
 .text.ads_wait_drdy_timeout
                0x08004b34       0x40 ./Core/Src/main.o
 .text.ads_wait_drdy
                0x08004b74       0x20 ./Core/Src/main.o
 .text.ads_init
                0x08004b94       0xec ./Core/Src/main.o
 .text.ads_read_raw24_continuous
                0x08004c80       0x84 ./Core/Src/main.o
 .text.error_blink_fast
                0x08004d04       0x30 ./Core/Src/main.o
 .text.Error_Handler
                0x08004d34       0x10 ./Core/Src/main.o
                0x08004d34                Error_Handler
 .text.MX_SPI2_Init
                0x08004d44       0x6c ./Core/Src/spi.o
                0x08004d44                MX_SPI2_Init
 .text.HAL_SPI_MspInit
                0x08004db0       0x90 ./Core/Src/spi.o
                0x08004db0                HAL_SPI_MspInit
 .text.HAL_MspInit
                0x08004e40       0x50 ./Core/Src/stm32f4xx_hal_msp.o
                0x08004e40                HAL_MspInit
 .text.NMI_Handler
                0x08004e90        0x8 ./Core/Src/stm32f4xx_it.o
                0x08004e90                NMI_Handler
 .text.HardFault_Handler
                0x08004e98        0x8 ./Core/Src/stm32f4xx_it.o
                0x08004e98                HardFault_Handler
 .text.MemManage_Handler
                0x08004ea0        0x8 ./Core/Src/stm32f4xx_it.o
                0x08004ea0                MemManage_Handler
 .text.BusFault_Handler
                0x08004ea8        0x8 ./Core/Src/stm32f4xx_it.o
                0x08004ea8                BusFault_Handler
 .text.UsageFault_Handler
                0x08004eb0        0x8 ./Core/Src/stm32f4xx_it.o
                0x08004eb0                UsageFault_Handler
 .text.SVC_Handler
                0x08004eb8        0xe ./Core/Src/stm32f4xx_it.o
                0x08004eb8                SVC_Handler
 .text.DebugMon_Handler
                0x08004ec6        0xe ./Core/Src/stm32f4xx_it.o
                0x08004ec6                DebugMon_Handler
 .text.PendSV_Handler
                0x08004ed4        0xe ./Core/Src/stm32f4xx_it.o
                0x08004ed4                PendSV_Handler
 .text.SysTick_Handler
                0x08004ee2        0xc ./Core/Src/stm32f4xx_it.o
                0x08004ee2                SysTick_Handler
 *fill*         0x08004eee        0x2 
 .text.OTG_FS_IRQHandler
                0x08004ef0       0x14 ./Core/Src/stm32f4xx_it.o
                0x08004ef0                OTG_FS_IRQHandler
 .text._sbrk    0x08004f04       0x6c ./Core/Src/sysmem.o
                0x08004f04                _sbrk
 .text.SystemInit
                0x08004f70       0x24 ./Core/Src/system_stm32f4xx.o
                0x08004f70                SystemInit
 .text.Reset_Handler
                0x08004f94       0x50 ./Core/Startup/startup_stm32f411ceux.o
                0x08004f94                Reset_Handler
 .text.Default_Handler
                0x08004fe4        0x2 ./Core/Startup/startup_stm32f411ceux.o
                0x08004fe4                RTC_Alarm_IRQHandler
                0x08004fe4                EXTI2_IRQHandler
                0x08004fe4                SPI4_IRQHandler
                0x08004fe4                TIM1_CC_IRQHandler
                0x08004fe4                DMA2_Stream5_IRQHandler
                0x08004fe4                DMA1_Stream5_IRQHandler
                0x08004fe4                PVD_IRQHandler
                0x08004fe4                SDIO_IRQHandler
                0x08004fe4                TAMP_STAMP_IRQHandler
                0x08004fe4                EXTI3_IRQHandler
                0x08004fe4                TIM1_UP_TIM10_IRQHandler
                0x08004fe4                I2C3_ER_IRQHandler
                0x08004fe4                EXTI0_IRQHandler
                0x08004fe4                I2C2_EV_IRQHandler
                0x08004fe4                DMA1_Stream2_IRQHandler
                0x08004fe4                FPU_IRQHandler
                0x08004fe4                DMA2_Stream2_IRQHandler
                0x08004fe4                SPI1_IRQHandler
                0x08004fe4                TIM1_BRK_TIM9_IRQHandler
                0x08004fe4                DMA2_Stream3_IRQHandler
                0x08004fe4                USART6_IRQHandler
                0x08004fe4                DMA2_Stream0_IRQHandler
                0x08004fe4                TIM4_IRQHandler
                0x08004fe4                I2C1_EV_IRQHandler
                0x08004fe4                DMA1_Stream6_IRQHandler
                0x08004fe4                DMA1_Stream1_IRQHandler
                0x08004fe4                TIM3_IRQHandler
                0x08004fe4                RCC_IRQHandler
                0x08004fe4                Default_Handler
                0x08004fe4                EXTI15_10_IRQHandler
                0x08004fe4                ADC_IRQHandler
                0x08004fe4                DMA1_Stream7_IRQHandler
                0x08004fe4                SPI5_IRQHandler
                0x08004fe4                TIM5_IRQHandler
                0x08004fe4                DMA2_Stream7_IRQHandler
                0x08004fe4                I2C3_EV_IRQHandler
                0x08004fe4                EXTI9_5_IRQHandler
                0x08004fe4                RTC_WKUP_IRQHandler
                0x08004fe4                SPI2_IRQHandler
                0x08004fe4                DMA1_Stream0_IRQHandler
                0x08004fe4                EXTI4_IRQHandler
                0x08004fe4                WWDG_IRQHandler
                0x08004fe4                TIM2_IRQHandler
                0x08004fe4                OTG_FS_WKUP_IRQHandler
                0x08004fe4                TIM1_TRG_COM_TIM11_IRQHandler
                0x08004fe4                EXTI1_IRQHandler
                0x08004fe4                USART2_IRQHandler
                0x08004fe4                I2C2_ER_IRQHandler
                0x08004fe4                DMA2_Stream1_IRQHandler
                0x08004fe4                FLASH_IRQHandler
                0x08004fe4                DMA2_Stream4_IRQHandler
                0x08004fe4                USART1_IRQHandler
                0x08004fe4                SPI3_IRQHandler
                0x08004fe4                DMA1_Stream4_IRQHandler
                0x08004fe4                I2C1_ER_IRQHandler
                0x08004fe4                DMA2_Stream6_IRQHandler
                0x08004fe4                DMA1_Stream3_IRQHandler
 *fill*         0x08004fe6        0x2 
 .text.HAL_Init
                0x08004fe8       0x44 ./Drivers/STM32F4xx_HAL_Driver/Src/stm32f4xx_hal.o
                0x08004fe8                HAL_Init
 .text.HAL_InitTick
                0x0800502c       0x60 ./Drivers/STM32F4xx_HAL_Driver/Src/stm32f4xx_hal.o
                0x0800502c                HAL_InitTick
 .text.HAL_IncTick
                0x0800508c       0x28 ./Drivers/STM32F4xx_HAL_Driver/Src/stm32f4xx_hal.o
                0x0800508c                HAL_IncTick
 .text.HAL_GetTick
                0x080050b4       0x18 ./Drivers/STM32F4xx_HAL_Driver/Src/stm32f4xx_hal.o
                0x080050b4                HAL_GetTick
 .text.HAL_Delay
                0x080050cc       0x48 ./Drivers/STM32F4xx_HAL_Driver/Src/stm32f4xx_hal.o
                0x080050cc                HAL_Delay
 .text.__NVIC_SetPriorityGrouping
                0x08005114       0x48 ./Drivers/STM32F4xx_HAL_Driver/Src/stm32f4xx_hal_cortex.o
 .text.__NVIC_GetPriorityGrouping
                0x0800515c       0x1c ./Drivers/STM32F4xx_HAL_Driver/Src/stm32f4xx_hal_cortex.o
 .text.__NVIC_EnableIRQ
                0x08005178       0x3c ./Drivers/STM32F4xx_HAL_Driver/Src/stm32f4xx_hal_cortex.o
 .text.__NVIC_SetPriority
                0x080051b4       0x54 ./Drivers/STM32F4xx_HAL_Driver/Src/stm32f4xx_hal_cortex.o
 .text.NVIC_EncodePriority
                0x08005208       0x66 ./Drivers/STM32F4xx_HAL_Driver/Src/stm32f4xx_hal_cortex.o
 *fill*         0x0800526e        0x2 
 .text.SysTick_Config
                0x08005270       0x44 ./Drivers/STM32F4xx_HAL_Driver/Src/stm32f4xx_hal_cortex.o
 .text.HAL_NVIC_SetPriorityGrouping
                0x080052b4       0x16 ./Drivers/STM32F4xx_HAL_Driver/Src/stm32f4xx_hal_cortex.o
                0x080052b4                HAL_NVIC_SetPriorityGrouping
 .text.HAL_NVIC_SetPriority
                0x080052ca       0x38 ./Drivers/STM32F4xx_HAL_Driver/Src/stm32f4xx_hal_cortex.o
                0x080052ca                HAL_NVIC_SetPriority
 .text.HAL_NVIC_EnableIRQ
                0x08005302       0x1c ./Drivers/STM32F4xx_HAL_Driver/Src/stm32f4xx_hal_cortex.o
                0x08005302                HAL_NVIC_EnableIRQ
 .text.HAL_SYSTICK_Config
                0x0800531e       0x18 ./Drivers/STM32F4xx_HAL_Driver/Src/stm32f4xx_hal_cortex.o
                0x0800531e                HAL_SYSTICK_Config
 *fill*         0x08005336        0x2 
 .text.HAL_GPIO_Init
                0x08005338      0x308 ./Drivers/STM32F4xx_HAL_Driver/Src/stm32f4xx_hal_gpio.o
                0x08005338                HAL_GPIO_Init
 .text.HAL_GPIO_ReadPin
                0x08005640       0x30 ./Drivers/STM32F4xx_HAL_Driver/Src/stm32f4xx_hal_gpio.o
                0x08005640                HAL_GPIO_ReadPin
 .text.HAL_GPIO_WritePin
                0x08005670       0x32 ./Drivers/STM32F4xx_HAL_Driver/Src/stm32f4xx_hal_gpio.o
                0x08005670                HAL_GPIO_WritePin
 .text.HAL_GPIO_TogglePin
                0x080056a2       0x34 ./Drivers/STM32F4xx_HAL_Driver/Src/stm32f4xx_hal_gpio.o
                0x080056a2                HAL_GPIO_TogglePin
 .text.HAL_PCD_Init
                0x080056d6      0x21e ./Drivers/STM32F4xx_HAL_Driver/Src/stm32f4xx_hal_pcd.o
                0x080056d6                HAL_PCD_Init
 .text.HAL_PCD_Start
                0x080058f4       0x6a ./Drivers/STM32F4xx_HAL_Driver/Src/stm32f4xx_hal_pcd.o
                0x080058f4                HAL_PCD_Start
 .text.HAL_PCD_IRQHandler
                0x0800595e      0x942 ./Drivers/STM32F4xx_HAL_Driver/Src/stm32f4xx_hal_pcd.o
                0x0800595e                HAL_PCD_IRQHandler
 .text.HAL_PCD_SetAddress
                0x080062a0       0x48 ./Drivers/STM32F4xx_HAL_Driver/Src/stm32f4xx_hal_pcd.o
                0x080062a0                HAL_PCD_SetAddress
 .text.HAL_PCD_EP_Open
                0x080062e8       0xd4 ./Drivers/STM32F4xx_HAL_Driver/Src/stm32f4xx_hal_pcd.o
                0x080062e8                HAL_PCD_EP_Open
 .text.HAL_PCD_EP_Close
                0x080063bc       0x94 ./Drivers/STM32F4xx_HAL_Driver/Src/stm32f4xx_hal_pcd.o
                0x080063bc                HAL_PCD_EP_Close
 .text.HAL_PCD_EP_Receive
                0x08006450       0x76 ./Drivers/STM32F4xx_HAL_Driver/Src/stm32f4xx_hal_pcd.o
                0x08006450                HAL_PCD_EP_Receive
 .text.HAL_PCD_EP_GetRxCount
                0x080064c6       0x30 ./Drivers/STM32F4xx_HAL_Driver/Src/stm32f4xx_hal_pcd.o
                0x080064c6                HAL_PCD_EP_GetRxCount
 .text.HAL_PCD_EP_Transmit
                0x080064f6       0x74 ./Drivers/STM32F4xx_HAL_Driver/Src/stm32f4xx_hal_pcd.o
                0x080064f6                HAL_PCD_EP_Transmit
 .text.HAL_PCD_EP_SetStall
                0x0800656a       0xc6 ./Drivers/STM32F4xx_HAL_Driver/Src/stm32f4xx_hal_pcd.o
                0x0800656a                HAL_PCD_EP_SetStall
 .text.HAL_PCD_EP_ClrStall
                0x08006630       0xac ./Drivers/STM32F4xx_HAL_Driver/Src/stm32f4xx_hal_pcd.o
                0x08006630                HAL_PCD_EP_ClrStall
 .text.HAL_PCD_EP_Abort
                0x080066dc       0x62 ./Drivers/STM32F4xx_HAL_Driver/Src/stm32f4xx_hal_pcd.o
                0x080066dc                HAL_PCD_EP_Abort
 .text.PCD_WriteEmptyTxFifo
                0x0800673e      0x118 ./Drivers/STM32F4xx_HAL_Driver/Src/stm32f4xx_hal_pcd.o
 *fill*         0x08006856        0x2 
 .text.PCD_EP_OutXfrComplete_int
                0x08006858      0x1d0 ./Drivers/STM32F4xx_HAL_Driver/Src/stm32f4xx_hal_pcd.o
 .text.PCD_EP_OutSetupPacket_int
                0x08006a28       0x8c ./Drivers/STM32F4xx_HAL_Driver/Src/stm32f4xx_hal_pcd.o
 .text.HAL_PCDEx_SetTxFiFo
                0x08006ab4       0x8e ./Drivers/STM32F4xx_HAL_Driver/Src/stm32f4xx_hal_pcd_ex.o
                0x08006ab4                HAL_PCDEx_SetTxFiFo
 .text.HAL_PCDEx_SetRxFiFo
                0x08006b42       0x22 ./Drivers/STM32F4xx_HAL_Driver/Src/stm32f4xx_hal_pcd_ex.o
                0x08006b42                HAL_PCDEx_SetRxFiFo
 .text.HAL_PCDEx_LPM_Callback
                0x08006b64       0x18 ./Drivers/STM32F4xx_HAL_Driver/Src/stm32f4xx_hal_pcd_ex.o
                0x08006b64                HAL_PCDEx_LPM_Callback
 .text.HAL_RCC_OscConfig
                0x08006b7c      0x4f0 ./Drivers/STM32F4xx_HAL_Driver/Src/stm32f4xx_hal_rcc.o
                0x08006b7c                HAL_RCC_OscConfig
 .text.HAL_RCC_ClockConfig
                0x0800706c      0x1cc ./Drivers/STM32F4xx_HAL_Driver/Src/stm32f4xx_hal_rcc.o
                0x0800706c                HAL_RCC_ClockConfig
 .text.HAL_RCC_GetSysClockFreq
                0x08007238      0x188 ./Drivers/STM32F4xx_HAL_Driver/Src/stm32f4xx_hal_rcc.o
                0x08007238                HAL_RCC_GetSysClockFreq
 .text.HAL_RCC_GetHCLKFreq
                0x080073c0       0x18 ./Drivers/STM32F4xx_HAL_Driver/Src/stm32f4xx_hal_rcc.o
                0x080073c0                HAL_RCC_GetHCLKFreq
 .text.HAL_SPI_Init
                0x080073d8      0x112 ./Drivers/STM32F4xx_HAL_Driver/Src/stm32f4xx_hal_spi.o
                0x080073d8                HAL_SPI_Init
 .text.HAL_SPI_Transmit
                0x080074ea      0x288 ./Drivers/STM32F4xx_HAL_Driver/Src/stm32f4xx_hal_spi.o
                0x080074ea                HAL_SPI_Transmit
 .text.HAL_SPI_Receive
                0x08007772      0x232 ./Drivers/STM32F4xx_HAL_Driver/Src/stm32f4xx_hal_spi.o
                0x08007772                HAL_SPI_Receive
 .text.HAL_SPI_TransmitReceive
                0x080079a4      0x352 ./Drivers/STM32F4xx_HAL_Driver/Src/stm32f4xx_hal_spi.o
                0x080079a4                HAL_SPI_TransmitReceive
 *fill*         0x08007cf6        0x2 
 .text.SPI_WaitFlagStateUntilTimeout
                0x08007cf8      0x110 ./Drivers/STM32F4xx_HAL_Driver/Src/stm32f4xx_hal_spi.o
 .text.SPI_EndRxTransaction
                0x08007e08       0xca ./Drivers/STM32F4xx_HAL_Driver/Src/stm32f4xx_hal_spi.o
 *fill*         0x08007ed2        0x2 
 .text.SPI_EndRxTxTransaction
                0x08007ed4       0xa8 ./Drivers/STM32F4xx_HAL_Driver/Src/stm32f4xx_hal_spi.o
 .text.USB_CoreInit
                0x08007f7c       0xc8 ./Drivers/STM32F4xx_HAL_Driver/Src/stm32f4xx_ll_usb.o
                0x08007f7c                USB_CoreInit
 .text.USB_SetTurnaroundTime
                0x08008044      0x144 ./Drivers/STM32F4xx_HAL_Driver/Src/stm32f4xx_ll_usb.o
                0x08008044                USB_SetTurnaroundTime
 .text.USB_EnableGlobalInt
                0x08008188       0x22 ./Drivers/STM32F4xx_HAL_Driver/Src/stm32f4xx_ll_usb.o
                0x08008188                USB_EnableGlobalInt
 .text.USB_DisableGlobalInt
                0x080081aa       0x22 ./Drivers/STM32F4xx_HAL_Driver/Src/stm32f4xx_ll_usb.o
                0x080081aa                USB_DisableGlobalInt
 .text.USB_SetCurrentMode
                0x080081cc       0x98 ./Drivers/STM32F4xx_HAL_Driver/Src/stm32f4xx_ll_usb.o
                0x080081cc                USB_SetCurrentMode
 .text.USB_DevInit
                0x08008264      0x2c8 ./Drivers/STM32F4xx_HAL_Driver/Src/stm32f4xx_ll_usb.o
                0x08008264                USB_DevInit
 .text.USB_FlushTxFifo
                0x0800852c       0x64 ./Drivers/STM32F4xx_HAL_Driver/Src/stm32f4xx_ll_usb.o
                0x0800852c                USB_FlushTxFifo
 .text.USB_FlushRxFifo
                0x08008590       0x5c ./Drivers/STM32F4xx_HAL_Driver/Src/stm32f4xx_ll_usb.o
                0x08008590                USB_FlushRxFifo
 .text.USB_SetDevSpeed
                0x080085ec       0x32 ./Drivers/STM32F4xx_HAL_Driver/Src/stm32f4xx_ll_usb.o
                0x080085ec                USB_SetDevSpeed
 .text.USB_GetDevSpeed
                0x0800861e       0x4a ./Drivers/STM32F4xx_HAL_Driver/Src/stm32f4xx_ll_usb.o
                0x0800861e                USB_GetDevSpeed
 .text.USB_ActivateEndpoint
                0x08008668      0x10e ./Drivers/STM32F4xx_HAL_Driver/Src/stm32f4xx_ll_usb.o
                0x08008668                USB_ActivateEndpoint
 *fill*         0x08008776        0x2 
 .text.USB_DeactivateEndpoint
                0x08008778      0x1b8 ./Drivers/STM32F4xx_HAL_Driver/Src/stm32f4xx_ll_usb.o
                0x08008778                USB_DeactivateEndpoint
 .text.USB_EPStartXfer
                0x08008930      0x53c ./Drivers/STM32F4xx_HAL_Driver/Src/stm32f4xx_ll_usb.o
                0x08008930                USB_EPStartXfer
 .text.USB_EPStopXfer
                0x08008e6c      0x154 ./Drivers/STM32F4xx_HAL_Driver/Src/stm32f4xx_ll_usb.o
                0x08008e6c                USB_EPStopXfer
 .text.USB_WritePacket
                0x08008fc0       0x7c ./Drivers/STM32F4xx_HAL_Driver/Src/stm32f4xx_ll_usb.o
                0x08008fc0                USB_WritePacket
 .text.USB_ReadPacket
                0x0800903c       0xb0 ./Drivers/STM32F4xx_HAL_Driver/Src/stm32f4xx_ll_usb.o
                0x0800903c                USB_ReadPacket
 .text.USB_EPSetStall
                0x080090ec       0xdc ./Drivers/STM32F4xx_HAL_Driver/Src/stm32f4xx_ll_usb.o
                0x080090ec                USB_EPSetStall
 .text.USB_EPClearStall
                0x080091c8       0xcc ./Drivers/STM32F4xx_HAL_Driver/Src/stm32f4xx_ll_usb.o
                0x080091c8                USB_EPClearStall
 .text.USB_SetDevAddress
                0x08009294       0x4c ./Drivers/STM32F4xx_HAL_Driver/Src/stm32f4xx_ll_usb.o
                0x08009294                USB_SetDevAddress
 .text.USB_DevConnect
                0x080092e0       0x42 ./Drivers/STM32F4xx_HAL_Driver/Src/stm32f4xx_ll_usb.o
                0x080092e0                USB_DevConnect
 .text.USB_DevDisconnect
                0x08009322       0x42 ./Drivers/STM32F4xx_HAL_Driver/Src/stm32f4xx_ll_usb.o
                0x08009322                USB_DevDisconnect
 .text.USB_ReadInterrupts
                0x08009364       0x26 ./Drivers/STM32F4xx_HAL_Driver/Src/stm32f4xx_ll_usb.o
                0x08009364                USB_ReadInterrupts
 .text.USB_ReadDevAllOutEpInterrupt
                0x0800938a       0x34 ./Drivers/STM32F4xx_HAL_Driver/Src/stm32f4xx_ll_usb.o
                0x0800938a                USB_ReadDevAllOutEpInterrupt
 .text.USB_ReadDevAllInEpInterrupt
                0x080093be       0x34 ./Drivers/STM32F4xx_HAL_Driver/Src/stm32f4xx_ll_usb.o
                0x080093be                USB_ReadDevAllInEpInterrupt
 .text.USB_ReadDevOutEPInterrupt
                0x080093f2       0x3c ./Drivers/STM32F4xx_HAL_Driver/Src/stm32f4xx_ll_usb.o
                0x080093f2                USB_ReadDevOutEPInterrupt
 .text.USB_ReadDevInEPInterrupt
                0x0800942e       0x5c ./Drivers/STM32F4xx_HAL_Driver/Src/stm32f4xx_ll_usb.o
                0x0800942e                USB_ReadDevInEPInterrupt
 .text.USB_GetMode
                0x0800948a       0x1c ./Drivers/STM32F4xx_HAL_Driver/Src/stm32f4xx_ll_usb.o
                0x0800948a                USB_GetMode
 .text.USB_ActivateSetup
                0x080094a6       0x46 ./Drivers/STM32F4xx_HAL_Driver/Src/stm32f4xx_ll_usb.o
                0x080094a6                USB_ActivateSetup
 .text.USB_EP0_OutStart
                0x080094ec       0xbc ./Drivers/STM32F4xx_HAL_Driver/Src/stm32f4xx_ll_usb.o
                0x080094ec                USB_EP0_OutStart
 .text.USB_CoreReset
                0x080095a8       0x70 ./Drivers/STM32F4xx_HAL_Driver/Src/stm32f4xx_ll_usb.o
 .text.USBD_CDC_Init
                0x08009618      0x1f0 ./Middlewares/ST/STM32_USB_Device_Library/Class/CDC/Src/usbd_cdc.o
 .text.USBD_CDC_DeInit
                0x08009808      0x104 ./Middlewares/ST/STM32_USB_Device_Library/Class/CDC/Src/usbd_cdc.o
 .text.USBD_CDC_Setup
                0x0800990c      0x1b8 ./Middlewares/ST/STM32_USB_Device_Library/Class/CDC/Src/usbd_cdc.o
 .text.USBD_CDC_DataIn
                0x08009ac4       0xfe ./Middlewares/ST/STM32_USB_Device_Library/Class/CDC/Src/usbd_cdc.o
 .text.USBD_CDC_DataOut
                0x08009bc2       0x70 ./Middlewares/ST/STM32_USB_Device_Library/Class/CDC/Src/usbd_cdc.o
 .text.USBD_CDC_EP0_RxReady
                0x08009c32       0x74 ./Middlewares/ST/STM32_USB_Device_Library/Class/CDC/Src/usbd_cdc.o
 *fill*         0x08009ca6        0x2 
 .text.USBD_CDC_GetFSCfgDesc
                0x08009ca8       0x70 ./Middlewares/ST/STM32_USB_Device_Library/Class/CDC/Src/usbd_cdc.o
 .text.USBD_CDC_GetHSCfgDesc
                0x08009d18       0x70 ./Middlewares/ST/STM32_USB_Device_Library/Class/CDC/Src/usbd_cdc.o
 .text.USBD_CDC_GetOtherSpeedCfgDesc
                0x08009d88       0x70 ./Middlewares/ST/STM32_USB_Device_Library/Class/CDC/Src/usbd_cdc.o
 .text.USBD_CDC_GetDeviceQualifierDescriptor
                0x08009df8       0x20 ./Middlewares/ST/STM32_USB_Device_Library/Class/CDC/Src/usbd_cdc.o
                0x08009df8                USBD_CDC_GetDeviceQualifierDescriptor
 .text.USBD_CDC_RegisterInterface
                0x08009e18       0x34 ./Middlewares/ST/STM32_USB_Device_Library/Class/CDC/Src/usbd_cdc.o
                0x08009e18                USBD_CDC_RegisterInterface
 .text.USBD_CDC_SetTxBuffer
                0x08009e4c       0x44 ./Middlewares/ST/STM32_USB_Device_Library/Class/CDC/Src/usbd_cdc.o
                0x08009e4c                USBD_CDC_SetTxBuffer
 .text.USBD_CDC_SetRxBuffer
                0x08009e90       0x3a ./Middlewares/ST/STM32_USB_Device_Library/Class/CDC/Src/usbd_cdc.o
                0x08009e90                USBD_CDC_SetRxBuffer
 *fill*         0x08009eca        0x2 
 .text.USBD_CDC_TransmitPacket
                0x08009ecc       0x80 ./Middlewares/ST/STM32_USB_Device_Library/Class/CDC/Src/usbd_cdc.o
                0x08009ecc                USBD_CDC_TransmitPacket
 .text.USBD_CDC_ReceivePacket
                0x08009f4c       0x6c ./Middlewares/ST/STM32_USB_Device_Library/Class/CDC/Src/usbd_cdc.o
                0x08009f4c                USBD_CDC_ReceivePacket
 .text.USBD_Init
                0x08009fb8       0x60 ./Middlewares/ST/STM32_USB_Device_Library/Core/Src/usbd_core.o
                0x08009fb8                USBD_Init
 .text.USBD_RegisterClass
                0x0800a018       0x6c ./Middlewares/ST/STM32_USB_Device_Library/Core/Src/usbd_core.o
                0x0800a018                USBD_RegisterClass
 .text.USBD_Start
                0x0800a084       0x18 ./Middlewares/ST/STM32_USB_Device_Library/Core/Src/usbd_core.o
                0x0800a084                USBD_Start
 .text.USBD_RunTestMode
                0x0800a09c       0x16 ./Middlewares/ST/STM32_USB_Device_Library/Core/Src/usbd_core.o
                0x0800a09c                USBD_RunTestMode
 .text.USBD_SetClassConfig
                0x0800a0b2       0x38 ./Middlewares/ST/STM32_USB_Device_Library/Core/Src/usbd_core.o
                0x0800a0b2                USBD_SetClassConfig
 .text.USBD_ClrClassConfig
                0x0800a0ea       0x34 ./Middlewares/ST/STM32_USB_Device_Library/Core/Src/usbd_core.o
                0x0800a0ea                USBD_ClrClassConfig
 .text.USBD_LL_SetupStage
                0x0800a11e       0xaa ./Middlewares/ST/STM32_USB_Device_Library/Core/Src/usbd_core.o
                0x0800a11e                USBD_LL_SetupStage
 .text.USBD_LL_DataOutStage
                0x0800a1c8      0x178 ./Middlewares/ST/STM32_USB_Device_Library/Core/Src/usbd_core.o
                0x0800a1c8                USBD_LL_DataOutStage
 .text.USBD_LL_DataInStage
                0x0800a340      0x176 ./Middlewares/ST/STM32_USB_Device_Library/Core/Src/usbd_core.o
                0x0800a340                USBD_LL_DataInStage
 .text.USBD_LL_Reset
                0x0800a4b6       0xa6 ./Middlewares/ST/STM32_USB_Device_Library/Core/Src/usbd_core.o
                0x0800a4b6                USBD_LL_Reset
 .text.USBD_LL_SetSpeed
                0x0800a55c       0x20 ./Middlewares/ST/STM32_USB_Device_Library/Core/Src/usbd_core.o
                0x0800a55c                USBD_LL_SetSpeed
 .text.USBD_LL_Suspend
                0x0800a57c       0x38 ./Middlewares/ST/STM32_USB_Device_Library/Core/Src/usbd_core.o
                0x0800a57c                USBD_LL_Suspend
 .text.USBD_LL_Resume
                0x0800a5b4       0x30 ./Middlewares/ST/STM32_USB_Device_Library/Core/Src/usbd_core.o
                0x0800a5b4                USBD_LL_Resume
 .text.USBD_LL_SOF
                0x0800a5e4       0x40 ./Middlewares/ST/STM32_USB_Device_Library/Core/Src/usbd_core.o
                0x0800a5e4                USBD_LL_SOF
 .text.USBD_LL_IsoINIncomplete
                0x0800a624       0x64 ./Middlewares/ST/STM32_USB_Device_Library/Core/Src/usbd_core.o
                0x0800a624                USBD_LL_IsoINIncomplete
 .text.USBD_LL_IsoOUTIncomplete
                0x0800a688       0x64 ./Middlewares/ST/STM32_USB_Device_Library/Core/Src/usbd_core.o
                0x0800a688                USBD_LL_IsoOUTIncomplete
 .text.USBD_LL_DevConnected
                0x0800a6ec       0x16 ./Middlewares/ST/STM32_USB_Device_Library/Core/Src/usbd_core.o
                0x0800a6ec                USBD_LL_DevConnected
 .text.USBD_LL_DevDisconnected
                0x0800a702       0x46 ./Middlewares/ST/STM32_USB_Device_Library/Core/Src/usbd_core.o
                0x0800a702                USBD_LL_DevDisconnected
 .text.USBD_CoreFindIF
                0x0800a748       0x1a ./Middlewares/ST/STM32_USB_Device_Library/Core/Src/usbd_core.o
                0x0800a748                USBD_CoreFindIF
 .text.USBD_CoreFindEP
                0x0800a762       0x1a ./Middlewares/ST/STM32_USB_Device_Library/Core/Src/usbd_core.o
                0x0800a762                USBD_CoreFindEP
 .text.USBD_GetEpDesc
                0x0800a77c       0x70 ./Middlewares/ST/STM32_USB_Device_Library/Core/Src/usbd_core.o
                0x0800a77c                USBD_GetEpDesc
 .text.USBD_GetNextDesc
                0x0800a7ec       0x38 ./Middlewares/ST/STM32_USB_Device_Library/Core/Src/usbd_core.o
                0x0800a7ec                USBD_GetNextDesc
 .text.SWAPBYTE
                0x0800a824       0x3e ./Middlewares/ST/STM32_USB_Device_Library/Core/Src/usbd_ctlreq.o
 *fill*         0x0800a862        0x2 
 .text.USBD_StdDevReq
                0x0800a864       0xe4 ./Middlewares/ST/STM32_USB_Device_Library/Core/Src/usbd_ctlreq.o
                0x0800a864                USBD_StdDevReq
 .text.USBD_StdItfReq
                0x0800a948       0xd8 ./Middlewares/ST/STM32_USB_Device_Library/Core/Src/usbd_ctlreq.o
                0x0800a948                USBD_StdItfReq
 .text.USBD_StdEPReq
                0x0800aa20      0x33e ./Middlewares/ST/STM32_USB_Device_Library/Core/Src/usbd_ctlreq.o
                0x0800aa20                USBD_StdEPReq
 *fill*         0x0800ad5e        0x2 
 .text.USBD_GetDescriptor
                0x0800ad60      0x2d4 ./Middlewares/ST/STM32_USB_Device_Library/Core/Src/usbd_ctlreq.o
 .text.USBD_SetAddress
                0x0800b034       0x88 ./Middlewares/ST/STM32_USB_Device_Library/Core/Src/usbd_ctlreq.o
 .text.USBD_SetConfig
                0x0800b0bc      0x154 ./Middlewares/ST/STM32_USB_Device_Library/Core/Src/usbd_ctlreq.o
 .text.USBD_GetConfig
                0x0800b210       0x6c ./Middlewares/ST/STM32_USB_Device_Library/Core/Src/usbd_ctlreq.o
 .text.USBD_GetStatus
                0x0800b27c       0x68 ./Middlewares/ST/STM32_USB_Device_Library/Core/Src/usbd_ctlreq.o
 .text.USBD_SetFeature
                0x0800b2e4       0x52 ./Middlewares/ST/STM32_USB_Device_Library/Core/Src/usbd_ctlreq.o
 .text.USBD_ClrFeature
                0x0800b336       0x44 ./Middlewares/ST/STM32_USB_Device_Library/Core/Src/usbd_ctlreq.o
 .text.USBD_ParseSetupRequest
                0x0800b37a       0x74 ./Middlewares/ST/STM32_USB_Device_Library/Core/Src/usbd_ctlreq.o
                0x0800b37a                USBD_ParseSetupRequest
 .text.USBD_CtlError
                0x0800b3ee       0x22 ./Middlewares/ST/STM32_USB_Device_Library/Core/Src/usbd_ctlreq.o
                0x0800b3ee                USBD_CtlError
 .text.USBD_GetString
                0x0800b410       0xa4 ./Middlewares/ST/STM32_USB_Device_Library/Core/Src/usbd_ctlreq.o
                0x0800b410                USBD_GetString
 .text.USBD_GetLen
                0x0800b4b4       0x34 ./Middlewares/ST/STM32_USB_Device_Library/Core/Src/usbd_ctlreq.o
 .text.USBD_CtlSendData
                0x0800b4e8       0x3c ./Middlewares/ST/STM32_USB_Device_Library/Core/Src/usbd_ioreq.o
                0x0800b4e8                USBD_CtlSendData
 .text.USBD_CtlContinueSendData
                0x0800b524       0x22 ./Middlewares/ST/STM32_USB_Device_Library/Core/Src/usbd_ioreq.o
                0x0800b524                USBD_CtlContinueSendData
 .text.USBD_CtlPrepareRx
                0x0800b546       0x42 ./Middlewares/ST/STM32_USB_Device_Library/Core/Src/usbd_ioreq.o
                0x0800b546                USBD_CtlPrepareRx
 .text.USBD_CtlContinueRx
                0x0800b588       0x22 ./Middlewares/ST/STM32_USB_Device_Library/Core/Src/usbd_ioreq.o
                0x0800b588                USBD_CtlContinueRx
 .text.USBD_CtlSendStatus
                0x0800b5aa       0x26 ./Middlewares/ST/STM32_USB_Device_Library/Core/Src/usbd_ioreq.o
                0x0800b5aa                USBD_CtlSendStatus
 .text.USBD_CtlReceiveStatus
                0x0800b5d0       0x26 ./Middlewares/ST/STM32_USB_Device_Library/Core/Src/usbd_ioreq.o
                0x0800b5d0                USBD_CtlReceiveStatus
 *fill*         0x0800b5f6        0x2 
 .text.MX_USB_DEVICE_Init
                0x0800b5f8       0x60 ./USB_DEVICE/App/usb_device.o
                0x0800b5f8                MX_USB_DEVICE_Init
 .text.CDC_Init_FS
                0x0800b658       0x28 ./USB_DEVICE/App/usbd_cdc_if.o
 .text.CDC_DeInit_FS
                0x0800b680       0x10 ./USB_DEVICE/App/usbd_cdc_if.o
 .text.CDC_Control_FS
                0x0800b690       0xbc ./USB_DEVICE/App/usbd_cdc_if.o
 .text.CDC_Receive_FS
                0x0800b74c       0x28 ./USB_DEVICE/App/usbd_cdc_if.o
 .text.CDC_Transmit_FS
                0x0800b774       0x4c ./USB_DEVICE/App/usbd_cdc_if.o
                0x0800b774                CDC_Transmit_FS
 .text.CDC_TransmitCplt_FS
                0x0800b7c0       0x22 ./USB_DEVICE/App/usbd_cdc_if.o
 *fill*         0x0800b7e2        0x2 
 .text.USBD_FS_DeviceDescriptor
                0x0800b7e4       0x24 ./USB_DEVICE/App/usbd_desc.o
                0x0800b7e4                USBD_FS_DeviceDescriptor
 .text.USBD_FS_LangIDStrDescriptor
                0x0800b808       0x24 ./USB_DEVICE/App/usbd_desc.o
                0x0800b808                USBD_FS_LangIDStrDescriptor
 .text.USBD_FS_ProductStrDescriptor
                0x0800b82c       0x3c ./USB_DEVICE/App/usbd_desc.o
                0x0800b82c                USBD_FS_ProductStrDescriptor
 .text.USBD_FS_ManufacturerStrDescriptor
                0x0800b868       0x28 ./USB_DEVICE/App/usbd_desc.o
                0x0800b868                USBD_FS_ManufacturerStrDescriptor
 .text.USBD_FS_SerialStrDescriptor
                0x0800b890       0x24 ./USB_DEVICE/App/usbd_desc.o
                0x0800b890                USBD_FS_SerialStrDescriptor
 .text.USBD_FS_ConfigStrDescriptor
                0x0800b8b4       0x3c ./USB_DEVICE/App/usbd_desc.o
                0x0800b8b4                USBD_FS_ConfigStrDescriptor
 .text.USBD_FS_InterfaceStrDescriptor
                0x0800b8f0       0x3c ./USB_DEVICE/App/usbd_desc.o
                0x0800b8f0                USBD_FS_InterfaceStrDescriptor
 .text.Get_SerialNum
                0x0800b92c       0x58 ./USB_DEVICE/App/usbd_desc.o
 .text.IntToUnicode
                0x0800b984       0x7e ./USB_DEVICE/App/usbd_desc.o
 *fill*         0x0800ba02        0x2 
 .text.HAL_PCD_MspInit
                0x0800ba04       0xa8 ./USB_DEVICE/Target/usbd_conf.o
                0x0800ba04                HAL_PCD_MspInit
 .text.HAL_PCD_SetupStageCallback
                0x0800baac       0x24 ./USB_DEVICE/Target/usbd_conf.o
                0x0800baac                HAL_PCD_SetupStageCallback
 .text.HAL_PCD_DataOutStageCallback
                0x0800bad0       0x36 ./USB_DEVICE/Target/usbd_conf.o
                0x0800bad0                HAL_PCD_DataOutStageCallback
 .text.HAL_PCD_DataInStageCallback
                0x0800bb06       0x34 ./USB_DEVICE/Target/usbd_conf.o
                0x0800bb06                HAL_PCD_DataInStageCallback
 .text.HAL_PCD_SOFCallback
                0x0800bb3a       0x1c ./USB_DEVICE/Target/usbd_conf.o
                0x0800bb3a                HAL_PCD_SOFCallback
 .text.HAL_PCD_ResetCallback
                0x0800bb56       0x3c ./USB_DEVICE/Target/usbd_conf.o
                0x0800bb56                HAL_PCD_ResetCallback
 *fill*         0x0800bb92        0x2 
 .text.HAL_PCD_SuspendCallback
                0x0800bb94       0x4c ./USB_DEVICE/Target/usbd_conf.o
                0x0800bb94                HAL_PCD_SuspendCallback
 .text.HAL_PCD_ResumeCallback
                0x0800bbe0       0x1c ./USB_DEVICE/Target/usbd_conf.o
                0x0800bbe0                HAL_PCD_ResumeCallback
 .text.HAL_PCD_ISOOUTIncompleteCallback
                0x0800bbfc       0x24 ./USB_DEVICE/Target/usbd_conf.o
                0x0800bbfc                HAL_PCD_ISOOUTIncompleteCallback
 .text.HAL_PCD_ISOINIncompleteCallback
                0x0800bc20       0x24 ./USB_DEVICE/Target/usbd_conf.o
                0x0800bc20                HAL_PCD_ISOINIncompleteCallback
 .text.HAL_PCD_ConnectCallback
                0x0800bc44       0x1c ./USB_DEVICE/Target/usbd_conf.o
                0x0800bc44                HAL_PCD_ConnectCallback
 .text.HAL_PCD_DisconnectCallback
                0x0800bc60       0x1c ./USB_DEVICE/Target/usbd_conf.o
                0x0800bc60                HAL_PCD_DisconnectCallback
 .text.USBD_LL_Init
                0x0800bc7c       0x98 ./USB_DEVICE/Target/usbd_conf.o
                0x0800bc7c                USBD_LL_Init
 .text.USBD_LL_Start
                0x0800bd14       0x36 ./USB_DEVICE/Target/usbd_conf.o
                0x0800bd14                USBD_LL_Start
 .text.USBD_LL_OpenEP
                0x0800bd4a       0x4c ./USB_DEVICE/Target/usbd_conf.o
                0x0800bd4a                USBD_LL_OpenEP
 .text.USBD_LL_CloseEP
                0x0800bd96       0x3e ./USB_DEVICE/Target/usbd_conf.o
                0x0800bd96                USBD_LL_CloseEP
 .text.USBD_LL_StallEP
                0x0800bdd4       0x3e ./USB_DEVICE/Target/usbd_conf.o
                0x0800bdd4                USBD_LL_StallEP
 .text.USBD_LL_ClearStallEP
                0x0800be12       0x3e ./USB_DEVICE/Target/usbd_conf.o
                0x0800be12                USBD_LL_ClearStallEP
 .text.USBD_LL_IsStallEP
                0x0800be50       0x58 ./USB_DEVICE/Target/usbd_conf.o
                0x0800be50                USBD_LL_IsStallEP
 .text.USBD_LL_SetUSBAddress
                0x0800bea8       0x3e ./USB_DEVICE/Target/usbd_conf.o
                0x0800bea8                USBD_LL_SetUSBAddress
 .text.USBD_LL_Transmit
                0x0800bee6       0x42 ./USB_DEVICE/Target/usbd_conf.o
                0x0800bee6                USBD_LL_Transmit
 .text.USBD_LL_PrepareReceive
                0x0800bf28       0x42 ./USB_DEVICE/Target/usbd_conf.o
                0x0800bf28                USBD_LL_PrepareReceive
 .text.USBD_LL_GetRxDataSize
                0x0800bf6a       0x26 ./USB_DEVICE/Target/usbd_conf.o
                0x0800bf6a                USBD_LL_GetRxDataSize
 .text.USBD_static_malloc
                0x0800bf90       0x1c ./USB_DEVICE/Target/usbd_conf.o
                0x0800bf90                USBD_static_malloc
 .text.USBD_static_free
                0x0800bfac       0x14 ./USB_DEVICE/Target/usbd_conf.o
                0x0800bfac                USBD_static_free
 .text.USBD_Get_USB_Status
                0x0800bfc0       0x58 ./USB_DEVICE/Target/usbd_conf.o
                0x0800bfc0                USBD_Get_USB_Status
 .text.snprintf
                0x0800c018       0x6c /opt/st/stm32cubeide_2.1.1/plugins/com.st.stm32cube.ide.mcu.externaltools.gnu-tools-for-stm32.14.3.rel1.linux64_1.0.100.202602081740/tools/bin/../lib/gcc/arm-none-eabi/14.3.1/../../../../arm-none-eabi/lib/thumb/v7e-m+fp/hard/libc_nano.a(libc_a-snprintf.o)
                0x0800c018                snprintf
                0x0800c018                sniprintf
 .text.memset   0x0800c084       0x10 /opt/st/stm32cubeide_2.1.1/plugins/com.st.stm32cube.ide.mcu.externaltools.gnu-tools-for-stm32.14.3.rel1.linux64_1.0.100.202602081740/tools/bin/../lib/gcc/arm-none-eabi/14.3.1/../../../../arm-none-eabi/lib/thumb/v7e-m+fp/hard/libc_nano.a(libc_a-memset.o)
                0x0800c084                memset
 .text.__errno  0x0800c094        0xc /opt/st/stm32cubeide_2.1.1/plugins/com.st.stm32cube.ide.mcu.externaltools.gnu-tools-for-stm32.14.3.rel1.linux64_1.0.100.202602081740/tools/bin/../lib/gcc/arm-none-eabi/14.3.1/../../../../arm-none-eabi/lib/thumb/v7e-m+fp/hard/libc_nano.a(libc_a-errno.o)
                0x0800c094                __errno
 .text.__libc_init_array
                0x0800c0a0       0x48 /opt/st/stm32cubeide_2.1.1/plugins/com.st.stm32cube.ide.mcu.externaltools.gnu-tools-for-stm32.14.3.rel1.linux64_1.0.100.202602081740/tools/bin/../lib/gcc/arm-none-eabi/14.3.1/../../../../arm-none-eabi/lib/thumb/v7e-m+fp/hard/libc_nano.a(libc_a-init.o)
                0x0800c0a0                __libc_init_array
 .text.__retarget_lock_acquire_recursive
                0x0800c0e8        0x2 /opt/st/stm32cubeide_2.1.1/plugins/com.st.stm32cube.ide.mcu.externaltools.gnu-tools-for-stm32.14.3.rel1.linux64_1.0.100.202602081740/tools/bin/../lib/gcc/arm-none-eabi/14.3.1/../../../../arm-none-eabi/lib/thumb/v7e-m+fp/hard/libc_nano.a(libc_a-lock.o)
                0x0800c0e8                __retarget_lock_acquire_recursive
 .text.__retarget_lock_release_recursive
                0x0800c0ea        0x2 /opt/st/stm32cubeide_2.1.1/plugins/com.st.stm32cube.ide.mcu.externaltools.gnu-tools-for-stm32.14.3.rel1.linux64_1.0.100.202602081740/tools/bin/../lib/gcc/arm-none-eabi/14.3.1/../../../../arm-none-eabi/lib/thumb/v7e-m+fp/hard/libc_nano.a(libc_a-lock.o)
                0x0800c0ea                __retarget_lock_release_recursive
 .text._free_r  0x0800c0ec       0x94 /opt/st/stm32cubeide_2.1.1/plugins/com.st.stm32cube.ide.mcu.externaltools.gnu-tools-for-stm32.14.3.rel1.linux64_1.0.100.202602081740/tools/bin/../lib/gcc/arm-none-eabi/14.3.1/../../../../arm-none-eabi/lib/thumb/v7e-m+fp/hard/libc_nano.a(libc_a-freer.o)
                0x0800c0ec                _free_r
 .text.sbrk_aligned
                0x0800c180       0x44 /opt/st/stm32cubeide_2.1.1/plugins/com.st.stm32cube.ide.mcu.externaltools.gnu-tools-for-stm32.14.3.rel1.linux64_1.0.100.202602081740/tools/bin/../lib/gcc/arm-none-eabi/14.3.1/../../../../arm-none-eabi/lib/thumb/v7e-m+fp/hard/libc_nano.a(libc_a-mallocr.o)
 .text._malloc_r
                0x0800c1c4      0x100 /opt/st/stm32cubeide_2.1.1/plugins/com.st.stm32cube.ide.mcu.externaltools.gnu-tools-for-stm32.14.3.rel1.linux64_1.0.100.202602081740/tools/bin/../lib/gcc/arm-none-eabi/14.3.1/../../../../arm-none-eabi/lib/thumb/v7e-m+fp/hard/libc_nano.a(libc_a-mallocr.o)
                0x0800c1c4                _malloc_r
 .text.__malloc_lock
                0x0800c2c4        0xc /opt/st/stm32cubeide_2.1.1/plugins/com.st.stm32cube.ide.mcu.externaltools.gnu-tools-for-stm32.14.3.rel1.linux64_1.0.100.202602081740/tools/bin/../lib/gcc/arm-none-eabi/14.3.1/../../../../arm-none-eabi/lib/thumb/v7e-m+fp/hard/libc_nano.a(libc_a-mlock.o)
                0x0800c2c4                __malloc_lock
 .text.__malloc_unlock
                0x0800c2d0        0xc /opt/st/stm32cubeide_2.1.1/plugins/com.st.stm32cube.ide.mcu.externaltools.gnu-tools-for-stm32.14.3.rel1.linux64_1.0.100.202602081740/tools/bin/../lib/gcc/arm-none-eabi/14.3.1/../../../../arm-none-eabi/lib/thumb/v7e-m+fp/hard/libc_nano.a(libc_a-mlock.o)
                0x0800c2d0                __malloc_unlock
 .text.__ssputs_r
                0x0800c2dc       0xc0 /opt/st/stm32cubeide_2.1.1/plugins/com.st.stm32cube.ide.mcu.externaltools.gnu-tools-for-stm32.14.3.rel1.linux64_1.0.100.202602081740/tools/bin/../lib/gcc/arm-none-eabi/14.3.1/../../../../arm-none-eabi/lib/thumb/v7e-m+fp/hard/libc_nano.a(libc_a-nano-svfprintf.o)
                0x0800c2dc                __ssputs_r
 .text._svfprintf_r
                0x0800c39c      0x1f0 /opt/st/stm32cubeide_2.1.1/plugins/com.st.stm32cube.ide.mcu.externaltools.gnu-tools-for-stm32.14.3.rel1.linux64_1.0.100.202602081740/tools/bin/../lib/gcc/arm-none-eabi/14.3.1/../../../../arm-none-eabi/lib/thumb/v7e-m+fp/hard/libc_nano.a(libc_a-nano-svfprintf.o)
                0x0800c39c                _svfprintf_r
                0x0800c39c                _svfiprintf_r
 .text._printf_common
                0x0800c58c       0xda /opt/st/stm32cubeide_2.1.1/plugins/com.st.stm32cube.ide.mcu.externaltools.gnu-tools-for-stm32.14.3.rel1.linux64_1.0.100.202602081740/tools/bin/../lib/gcc/arm-none-eabi/14.3.1/../../../../arm-none-eabi/lib/thumb/v7e-m+fp/hard/libc_nano.a(libc_a-nano-vfprintf_i.o)
                0x0800c58c                _printf_common
 *fill*         0x0800c666        0x2 
 .text._printf_i
                0x0800c668      0x24c /opt/st/stm32cubeide_2.1.1/plugins/com.st.stm32cube.ide.mcu.externaltools.gnu-tools-for-stm32.14.3.rel1.linux64_1.0.100.202602081740/tools/bin/../lib/gcc/arm-none-eabi/14.3.1/../../../../arm-none-eabi/lib/thumb/v7e-m+fp/hard/libc_nano.a(libc_a-nano-vfprintf_i.o)
                0x0800c668                _printf_i
 .text.memmove  0x0800c8b4       0x32 /opt/st/stm32cubeide_2.1.1/plugins/com.st.stm32cube.ide.mcu.externaltools.gnu-tools-for-stm32.14.3.rel1.linux64_1.0.100.202602081740/tools/bin/../lib/gcc/arm-none-eabi/14.3.1/../../../../arm-none-eabi/lib/thumb/v7e-m+fp/hard/libc_nano.a(libc_a-memmove.o)
                0x0800c8b4                memmove
 *fill*         0x0800c8e6        0x2 
 .text._sbrk_r  0x0800c8e8       0x20 /opt/st/stm32cubeide_2.1.1/plugins/com.st.stm32cube.ide.mcu.externaltools.gnu-tools-for-stm32.14.3.rel1.linux64_1.0.100.202602081740/tools/bin/../lib/gcc/arm-none-eabi/14.3.1/../../../../arm-none-eabi/lib/thumb/v7e-m+fp/hard/libc_nano.a(libc_a-sbrkr.o)
                0x0800c8e8                _sbrk_r
 .text.memcpy   0x0800c908       0x1c /opt/st/stm32cubeide_2.1.1/plugins/com.st.stm32cube.ide.mcu.externaltools.gnu-tools-for-stm32.14.3.rel1.linux64_1.0.100.202602081740/tools/bin/../lib/gcc/arm-none-eabi/14.3.1/../../../../arm-none-eabi/lib/thumb/v7e-m+fp/hard/libc_nano.a(libc_a-memcpy-stub.o)
                0x0800c908                memcpy
 .text._realloc_r
                0x0800c924       0x5c /opt/st/stm32cubeide_2.1.1/plugins/com.st.stm32cube.ide.mcu.externaltools.gnu-tools-for-stm32.14.3.rel1.linux64_1.0.100.202602081740/tools/bin/../lib/gcc/arm-none-eabi/14.3.1/../../../../arm-none-eabi/lib/thumb/v7e-m+fp/hard/libc_nano.a(libc_a-reallocr.o)
                0x0800c924                _realloc_r
 .text._malloc_usable_size_r
                0x0800c980       0x10 /opt/st/stm32cubeide_2.1.1/plugins/com.st.stm32cube.ide.mcu.externaltools.gnu-tools-for-stm32.14.3.rel1.linux64_1.0.100.202602081740/tools/bin/../lib/gcc/arm-none-eabi/14.3.1/../../../../arm-none-eabi/lib/thumb/v7e-m+fp/hard/libc_nano.a(libc_a-msizer.o)
                0x0800c980                _malloc_usable_size_r
 *(.glue_7)
 .glue_7        0x0800c990        0x0 linker stubs
 *(.glue_7t)
 .glue_7t       0x0800c990        0x0 linker stubs
 *(.eh_frame)
 .eh_frame      0x0800c990        0x0 /opt/st/stm32cubeide_2.1.1/plugins/com.st.stm32cube.ide.mcu.externaltools.gnu-tools-for-stm32.14.3.rel1.linux64_1.0.100.202602081740/tools/bin/../lib/gcc/arm-none-eabi/14.3.1/thumb/v7e-m+fp/hard/crtbegin.o
 *(.init)
 .init          0x0800c990        0x4 /opt/st/stm32cubeide_2.1.1/plugins/com.st.stm32cube.ide.mcu.externaltools.gnu-tools-for-stm32.14.3.rel1.linux64_1.0.100.202602081740/tools/bin/../lib/gcc/arm-none-eabi/14.3.1/thumb/v7e-m+fp/hard/crti.o
                0x0800c990                _init
 .init          0x0800c994        0x8 /opt/st/stm32cubeide_2.1.1/plugins/com.st.stm32cube.ide.mcu.externaltools.gnu-tools-for-stm32.14.3.rel1.linux64_1.0.100.202602081740/tools/bin/../lib/gcc/arm-none-eabi/14.3.1/thumb/v7e-m+fp/hard/crtn.o
 *(.fini)
 .fini          0x0800c99c        0x4 /opt/st/stm32cubeide_2.1.1/plugins/com.st.stm32cube.ide.mcu.externaltools.gnu-tools-for-stm32.14.3.rel1.linux64_1.0.100.202602081740/tools/bin/../lib/gcc/arm-none-eabi/14.3.1/thumb/v7e-m+fp/hard/crti.o
                0x0800c99c                _fini
 .fini          0x0800c9a0        0x8 /opt/st/stm32cubeide_2.1.1/plugins/com.st.stm32cube.ide.mcu.externaltools.gnu-tools-for-stm32.14.3.rel1.linux64_1.0.100.202602081740/tools/bin/../lib/gcc/arm-none-eabi/14.3.1/thumb/v7e-m+fp/hard/crtn.o
                0x0800c9a8                        . = ALIGN (0x4)
                0x0800c9a8                        _etext = .

.vfp11_veneer   0x0800c9a8        0x0
 .vfp11_veneer  0x0800c9a8        0x0 linker stubs

.v4_bx          0x0800c9a8        0x0
 .v4_bx         0x0800c9a8        0x0 linker stubs

.iplt           0x0800c9a8        0x0
 .iplt          0x0800c9a8        0x0 /opt/st/stm32cubeide_2.1.1/plugins/com.st.stm32cube.ide.mcu.externaltools.gnu-tools-for-stm32.14.3.rel1.linux64_1.0.100.202602081740/tools/bin/../lib/gcc/arm-none-eabi/14.3.1/thumb/v7e-m+fp/hard/crtbegin.o

.rodata         0x0800c9a8      0x190
                0x0800c9a8                        . = ALIGN (0x4)
 *(.rodata)
 .rodata        0x0800c9a8      0x103 ./Core/Src/main.o
 *fill*         0x0800caab        0x1 
 .rodata        0x0800caac       0x46 ./USB_DEVICE/App/usbd_desc.o
 *(.rodata*)
 *fill*         0x0800caf2        0x2 
 .rodata.AHBPrescTable
                0x0800caf4       0x10 ./Core/Src/system_stm32f4xx.o
                0x0800caf4                AHBPrescTable
 .rodata._svfprintf_r.str1.1
                0x0800cb04       0x33 /opt/st/stm32cubeide_2.1.1/plugins/com.st.stm32cube.ide.mcu.externaltools.gnu-tools-for-stm32.14.3.rel1.linux64_1.0.100.202602081740/tools/bin/../lib/gcc/arm-none-eabi/14.3.1/../../../../arm-none-eabi/lib/thumb/v7e-m+fp/hard/libc_nano.a(libc_a-nano-svfprintf.o)
                                 0x11 (size before relaxing)
 .rodata._printf_i.str1.1
                0x0800cb37       0x22 /opt/st/stm32cubeide_2.1.1/plugins/com.st.stm32cube.ide.mcu.externaltools.gnu-tools-for-stm32.14.3.rel1.linux64_1.0.100.202602081740/tools/bin/../lib/gcc/arm-none-eabi/14.3.1/../../../../arm-none-eabi/lib/thumb/v7e-m+fp/hard/libc_nano.a(libc_a-nano-vfprintf_i.o)
                0x0800cb5c                        . = ALIGN (0x4)
 *fill*         0x0800cb37        0x1 

.ARM.extab      0x0800cb38        0x0
                0x0800cb38                        . = ALIGN (0x4)
 *(.ARM.extab* .gnu.linkonce.armextab.*)
                0x0800cb38                        . = ALIGN (0x4)

.ARM            0x0800cb38        0x8
                0x0800cb38                        . = ALIGN (0x4)
                0x0800cb38                        __exidx_start = .
 *(.ARM.exidx*)
 .ARM.exidx     0x0800cb38        0x8 /opt/st/stm32cubeide_2.1.1/plugins/com.st.stm32cube.ide.mcu.externaltools.gnu-tools-for-stm32.14.3.rel1.linux64_1.0.100.202602081740/tools/bin/../lib/gcc/arm-none-eabi/14.3.1/../../../../arm-none-eabi/lib/thumb/v7e-m+fp/hard/libc_nano.a(libc_a-memchr.o)
 .ARM.exidx     0x0800cb40        0x0 /opt/st/stm32cubeide_2.1.1/plugins/com.st.stm32cube.ide.mcu.externaltools.gnu-tools-for-stm32.14.3.rel1.linux64_1.0.100.202602081740/tools/bin/../lib/gcc/arm-none-eabi/14.3.1/thumb/v7e-m+fp/hard/libgcc.a(_udivmoddi4.o)
                                  0x8 (size before relaxing)
                0x0800cb40                        __exidx_end = .
                0x0800cb40                        . = ALIGN (0x4)

.preinit_array  0x0800cb40        0x0
                0x0800cb40                        . = ALIGN (0x4)
                0x0800cb40                        PROVIDE (__preinit_array_start = .)
 *(.preinit_array*)
                0x0800cb40                        PROVIDE (__preinit_array_end = .)
                0x0800cb40                        . = ALIGN (0x4)

.init_array     0x0800cb40        0x4
                0x0800cb40                        . = ALIGN (0x4)
                0x0800cb40                        PROVIDE (__init_array_start = .)
 *(SORT_BY_NAME(.init_array.*))
 *(.init_array*)
 .init_array    0x0800cb40        0x4 /opt/st/stm32cubeide_2.1.1/plugins/com.st.stm32cube.ide.mcu.externaltools.gnu-tools-for-stm32.14.3.rel1.linux64_1.0.100.202602081740/tools/bin/../lib/gcc/arm-none-eabi/14.3.1/thumb/v7e-m+fp/hard/crtbegin.o
                0x0800cb44                        PROVIDE (__init_array_end = .)
                0x0800cb44                        . = ALIGN (0x4)

.fini_array     0x0800cb44        0x4
                0x0800cb44                        . = ALIGN (0x4)
                [!provide]                        PROVIDE (__fini_array_start = .)
 *(SORT_BY_NAME(.fini_array.*))
 *(.fini_array*)
 .fini_array    0x0800cb44        0x4 /opt/st/stm32cubeide_2.1.1/plugins/com.st.stm32cube.ide.mcu.externaltools.gnu-tools-for-stm32.14.3.rel1.linux64_1.0.100.202602081740/tools/bin/../lib/gcc/arm-none-eabi/14.3.1/thumb/v7e-m+fp/hard/crtbegin.o
                [!provide]                        PROVIDE (__fini_array_end = .)
                0x0800cb48                        . = ALIGN (0x4)
                0x0800cb48                        _sidata = LOADADDR (.data)

.rel.dyn        0x0800cb48        0x0
 .rel.iplt      0x0800cb48        0x0 /opt/st/stm32cubeide_2.1.1/plugins/com.st.stm32cube.ide.mcu.externaltools.gnu-tools-for-stm32.14.3.rel1.linux64_1.0.100.202602081740/tools/bin/../lib/gcc/arm-none-eabi/14.3.1/thumb/v7e-m+fp/hard/crtbegin.o

.data           0x20000000      0x14c load address 0x0800cb48
                0x20000000                        . = ALIGN (0x4)
                0x20000000                        _sdata = .
 *(.data)
 *(.data*)
 .data.SystemCoreClock
                0x20000000        0x4 ./Core/Src/system_stm32f4xx.o
                0x20000000                SystemCoreClock
 .data.uwTickPrio
                0x20000004        0x4 ./Drivers/STM32F4xx_HAL_Driver/Src/stm32f4xx_hal.o
                0x20000004                uwTickPrio
 .data.uwTickFreq
                0x20000008        0x1 ./Drivers/STM32F4xx_HAL_Driver/Src/stm32f4xx_hal.o
                0x20000008                uwTickFreq
 *fill*         0x20000009        0x3 
 .data.USBD_CDC_DeviceQualifierDesc
                0x2000000c        0xa ./Middlewares/ST/STM32_USB_Device_Library/Class/CDC/Src/usbd_cdc.o
 *fill*         0x20000016        0x2 
 .data.USBD_CDC
                0x20000018       0x38 ./Middlewares/ST/STM32_USB_Device_Library/Class/CDC/Src/usbd_cdc.o
                0x20000018                USBD_CDC
 .data.USBD_CDC_CfgDesc
                0x20000050       0x43 ./Middlewares/ST/STM32_USB_Device_Library/Class/CDC/Src/usbd_cdc.o
 .data.CDCInEpAdd
                0x20000093        0x1 ./Middlewares/ST/STM32_USB_Device_Library/Class/CDC/Src/usbd_cdc.o
 .data.CDCOutEpAdd
                0x20000094        0x1 ./Middlewares/ST/STM32_USB_Device_Library/Class/CDC/Src/usbd_cdc.o
 .data.CDCCmdEpAdd
                0x20000095        0x1 ./Middlewares/ST/STM32_USB_Device_Library/Class/CDC/Src/usbd_cdc.o
 *fill*         0x20000096        0x2 
 .data.USBD_Interface_fops_FS
                0x20000098       0x14 ./USB_DEVICE/App/usbd_cdc_if.o
                0x20000098                USBD_Interface_fops_FS
 .data.FS_Desc  0x200000ac       0x1c ./USB_DEVICE/App/usbd_desc.o
                0x200000ac                FS_Desc
 .data.USBD_FS_DeviceDesc
                0x200000c8       0x12 ./USB_DEVICE/App/usbd_desc.o
                0x200000c8                USBD_FS_DeviceDesc
 *fill*         0x200000da        0x2 
 .data.USBD_LangIDDesc
                0x200000dc        0x4 ./USB_DEVICE/App/usbd_desc.o
                0x200000dc                USBD_LangIDDesc
 .data.USBD_StringSerial
                0x200000e0       0x1a ./USB_DEVICE/App/usbd_desc.o
                0x200000e0                USBD_StringSerial
 *fill*         0x200000fa        0x2 
 .data._impure_ptr
                0x200000fc        0x4 /opt/st/stm32cubeide_2.1.1/plugins/com.st.stm32cube.ide.mcu.externaltools.gnu-tools-for-stm32.14.3.rel1.linux64_1.0.100.202602081740/tools/bin/../lib/gcc/arm-none-eabi/14.3.1/../../../../arm-none-eabi/lib/thumb/v7e-m+fp/hard/libc_nano.a(libc_a-impure.o)
                0x200000fc                _impure_ptr
 .data._impure_data
                0x20000100       0x4c /opt/st/stm32cubeide_2.1.1/plugins/com.st.stm32cube.ide.mcu.externaltools.gnu-tools-for-stm32.14.3.rel1.linux64_1.0.100.202602081740/tools/bin/../lib/gcc/arm-none-eabi/14.3.1/../../../../arm-none-eabi/lib/thumb/v7e-m+fp/hard/libc_nano.a(libc_a-impure.o)
                0x20000100                _impure_data
 *(.RamFunc)
 *(.RamFunc*)
                0x2000014c                        . = ALIGN (0x4)
                0x2000014c                        _edata = .

.igot.plt       0x2000014c        0x0 load address 0x0800cc94
 .igot.plt      0x2000014c        0x0 /opt/st/stm32cubeide_2.1.1/plugins/com.st.stm32cube.ide.mcu.externaltools.gnu-tools-for-stm32.14.3.rel1.linux64_1.0.100.202602081740/tools/bin/../lib/gcc/arm-none-eabi/14.3.1/thumb/v7e-m+fp/hard/crtbegin.o
                0x2000014c                        . = ALIGN (0x4)

.bss            0x2000014c     0x1da8 load address 0x0800cc94
                0x2000014c                        _sbss = .
                0x2000014c                        __bss_start__ = _sbss
 *(.bss)
 .bss           0x2000014c       0x1c /opt/st/stm32cubeide_2.1.1/plugins/com.st.stm32cube.ide.mcu.externaltools.gnu-tools-for-stm32.14.3.rel1.linux64_1.0.100.202602081740/tools/bin/../lib/gcc/arm-none-eabi/14.3.1/thumb/v7e-m+fp/hard/crtbegin.o
 *(.bss*)
 .bss.hspi2     0x20000168       0x58 ./Core/Src/spi.o
                0x20000168                hspi2
 .bss.__sbrk_heap_end
                0x200001c0        0x4 ./Core/Src/sysmem.o
 .bss.uwTick    0x200001c4        0x4 ./Drivers/STM32F4xx_HAL_Driver/Src/stm32f4xx_hal.o
                0x200001c4                uwTick
 .bss.cfgidx.0  0x200001c8        0x1 ./Middlewares/ST/STM32_USB_Device_Library/Core/Src/usbd_ctlreq.o
 *fill*         0x200001c9        0x3 
 .bss.hUsbDeviceFS
                0x200001cc      0x2dc ./USB_DEVICE/App/usb_device.o
                0x200001cc                hUsbDeviceFS
 .bss.UserRxBufferFS
                0x200004a8      0x800 ./USB_DEVICE/App/usbd_cdc_if.o
                0x200004a8                UserRxBufferFS
 .bss.UserTxBufferFS
                0x20000ca8      0x800 ./USB_DEVICE/App/usbd_cdc_if.o
                0x20000ca8                UserTxBufferFS
 .bss.USBD_StrDesc
                0x200014a8      0x200 ./USB_DEVICE/App/usbd_desc.o
                0x200014a8                USBD_StrDesc
 .bss.hpcd_USB_OTG_FS
                0x200016a8      0x4e4 ./USB_DEVICE/Target/usbd_conf.o
                0x200016a8                hpcd_USB_OTG_FS
 .bss.mem.0     0x20001b8c      0x220 ./USB_DEVICE/Target/usbd_conf.o
 .bss.__sf      0x20001dac      0x138 /opt/st/stm32cubeide_2.1.1/plugins/com.st.stm32cube.ide.mcu.externaltools.gnu-tools-for-stm32.14.3.rel1.linux64_1.0.100.202602081740/tools/bin/../lib/gcc/arm-none-eabi/14.3.1/../../../../arm-none-eabi/lib/thumb/v7e-m+fp/hard/libc_nano.a(libc_a-findfp.o)
                0x20001dac                __sf
 .bss.errno     0x20001ee4        0x4 /opt/st/stm32cubeide_2.1.1/plugins/com.st.stm32cube.ide.mcu.externaltools.gnu-tools-for-stm32.14.3.rel1.linux64_1.0.100.202602081740/tools/bin/../lib/gcc/arm-none-eabi/14.3.1/../../../../arm-none-eabi/lib/thumb/v7e-m+fp/hard/libc_nano.a(libc_a-reent.o)
                0x20001ee4                errno
 .bss.__lock___malloc_recursive_mutex
                0x20001ee8        0x1 /opt/st/stm32cubeide_2.1.1/plugins/com.st.stm32cube.ide.mcu.externaltools.gnu-tools-for-stm32.14.3.rel1.linux64_1.0.100.202602081740/tools/bin/../lib/gcc/arm-none-eabi/14.3.1/../../../../arm-none-eabi/lib/thumb/v7e-m+fp/hard/libc_nano.a(libc_a-lock.o)
                0x20001ee8                __lock___malloc_recursive_mutex
 *fill*         0x20001ee9        0x3 
 .bss.__malloc_sbrk_start
                0x20001eec        0x4 /opt/st/stm32cubeide_2.1.1/plugins/com.st.stm32cube.ide.mcu.externaltools.gnu-tools-for-stm32.14.3.rel1.linux64_1.0.100.202602081740/tools/bin/../lib/gcc/arm-none-eabi/14.3.1/../../../../arm-none-eabi/lib/thumb/v7e-m+fp/hard/libc_nano.a(libc_a-mallocr.o)
                0x20001eec                __malloc_sbrk_start
 .bss.__malloc_free_list
                0x20001ef0        0x4 /opt/st/stm32cubeide_2.1.1/plugins/com.st.stm32cube.ide.mcu.externaltools.gnu-tools-for-stm32.14.3.rel1.linux64_1.0.100.202602081740/tools/bin/../lib/gcc/arm-none-eabi/14.3.1/../../../../arm-none-eabi/lib/thumb/v7e-m+fp/hard/libc_nano.a(libc_a-mallocr.o)
                0x20001ef0                __malloc_free_list
 *(COMMON)
                0x20001ef4                        . = ALIGN (0x4)
                0x20001ef4                        _ebss = .
                0x20001ef4                        __bss_end__ = _ebss

._user_heap_stack
                0x20001ef4      0x604 load address 0x0800cc94
                0x20001ef8                        . = ALIGN (0x8)
 *fill*         0x20001ef4        0x4 
                [!provide]                        PROVIDE (end = .)
                0x20001ef8                        PROVIDE (_end = .)
                0x200020f8                        . = (. + _Min_Heap_Size)
 *fill*         0x20001ef8      0x200 
                0x200024f8                        . = (. + _Min_Stack_Size)
 *fill*         0x200020f8      0x400 
                0x200024f8                        . = ALIGN (0x8)

/DISCARD/
 libc.a(*)
 libm.a(*)
 libgcc.a(*)

.ARM.attributes
                0x00000000       0x30
 *(.ARM.attributes)
 .ARM.attributes
                0x00000000       0x22 /opt/st/stm32cubeide_2.1.1/plugins/com.st.stm32cube.ide.mcu.externaltools.gnu-tools-for-stm32.14.3.rel1.linux64_1.0.100.202602081740/tools/bin/../lib/gcc/arm-none-eabi/14.3.1/thumb/v7e-m+fp/hard/crti.o
 .ARM.attributes
                0x00000022       0x34 /opt/st/stm32cubeide_2.1.1/plugins/com.st.stm32cube.ide.mcu.externaltools.gnu-tools-for-stm32.14.3.rel1.linux64_1.0.100.202602081740/tools/bin/../lib/gcc/arm-none-eabi/14.3.1/thumb/v7e-m+fp/hard/crtbegin.o
 .ARM.attributes
                0x00000056       0x34 ./Core/Src/gpio.o
 .ARM.attributes
                0x0000008a       0x34 ./Core/Src/main.o
 .ARM.attributes
                0x000000be       0x34 ./Core/Src/spi.o
 .ARM.attributes
                0x000000f2       0x34 ./Core/Src/stm32f4xx_hal_msp.o
 .ARM.attributes
                0x00000126       0x34 ./Core/Src/stm32f4xx_it.o
 .ARM.attributes
                0x0000015a       0x34 ./Core/Src/sysmem.o
 .ARM.attributes
                0x0000018e       0x34 ./Core/Src/system_stm32f4xx.o
 .ARM.attributes
                0x000001c2       0x21 ./Core/Startup/startup_stm32f411ceux.o
 .ARM.attributes
                0x000001e3       0x34 ./Drivers/STM32F4xx_HAL_Driver/Src/stm32f4xx_hal.o
 .ARM.attributes
                0x00000217       0x34 ./Drivers/STM32F4xx_HAL_Driver/Src/stm32f4xx_hal_cortex.o
 .ARM.attributes
                0x0000024b       0x34 ./Drivers/STM32F4xx_HAL_Driver/Src/stm32f4xx_hal_gpio.o
 .ARM.attributes
                0x0000027f       0x34 ./Drivers/STM32F4xx_HAL_Driver/Src/stm32f4xx_hal_pcd.o
 .ARM.attributes
                0x000002b3       0x34 ./Drivers/STM32F4xx_HAL_Driver/Src/stm32f4xx_hal_pcd_ex.o
 .ARM.attributes
                0x000002e7       0x34 ./Drivers/STM32F4xx_HAL_Driver/Src/stm32f4xx_hal_rcc.o
 .ARM.attributes
                0x0000031b       0x34 ./Drivers/STM32F4xx_HAL_Driver/Src/stm32f4xx_hal_spi.o
 .ARM.attributes
                0x0000034f       0x34 ./Drivers/STM32F4xx_HAL_Driver/Src/stm32f4xx_ll_usb.o
 .ARM.attributes
                0x00000383       0x34 ./Middlewares/ST/STM32_USB_Device_Library/Class/CDC/Src/usbd_cdc.o
 .ARM.attributes
                0x000003b7       0x34 ./Middlewares/ST/STM32_USB_Device_Library/Core/Src/usbd_core.o
 .ARM.attributes
                0x000003eb       0x34 ./Middlewares/ST/STM32_USB_Device_Library/Core/Src/usbd_ctlreq.o
 .ARM.attributes
                0x0000041f       0x34 ./Middlewares/ST/STM32_USB_Device_Library/Core/Src/usbd_ioreq.o
 .ARM.attributes
                0x00000453       0x34 ./USB_DEVICE/App/usb_device.o
 .ARM.attributes
                0x00000487       0x34 ./USB_DEVICE/App/usbd_cdc_if.o
 .ARM.attributes
                0x000004bb       0x34 ./USB_DEVICE/App/usbd_desc.o
 .ARM.attributes
                0x000004ef       0x34 ./USB_DEVICE/Target/usbd_conf.o
 .ARM.attributes
                0x00000523       0x34 /opt/st/stm32cubeide_2.1.1/plugins/com.st.stm32cube.ide.mcu.externaltools.gnu-tools-for-stm32.14.3.rel1.linux64_1.0.100.202602081740/tools/bin/../lib/gcc/arm-none-eabi/14.3.1/../../../../arm-none-eabi/lib/thumb/v7e-m+fp/hard/libc_nano.a(libc_a-findfp.o)
 .ARM.attributes
                0x00000557       0x34 /opt/st/stm32cubeide_2.1.1/plugins/com.st.stm32cube.ide.mcu.externaltools.gnu-tools-for-stm32.14.3.rel1.linux64_1.0.100.202602081740/tools/bin/../lib/gcc/arm-none-eabi/14.3.1/../../../../arm-none-eabi/lib/thumb/v7e-m+fp/hard/libc_nano.a(libc_a-snprintf.o)
 .ARM.attributes
                0x0000058b       0x34 /opt/st/stm32cubeide_2.1.1/plugins/com.st.stm32cube.ide.mcu.externaltools.gnu-tools-for-stm32.14.3.rel1.linux64_1.0.100.202602081740/tools/bin/../lib/gcc/arm-none-eabi/14.3.1/../../../../arm-none-eabi/lib/thumb/v7e-m+fp/hard/libc_nano.a(libc_a-memset.o)
 .ARM.attributes
                0x000005bf       0x34 /opt/st/stm32cubeide_2.1.1/plugins/com.st.stm32cube.ide.mcu.externaltools.gnu-tools-for-stm32.14.3.rel1.linux64_1.0.100.202602081740/tools/bin/../lib/gcc/arm-none-eabi/14.3.1/../../../../arm-none-eabi/lib/thumb/v7e-m+fp/hard/libc_nano.a(libc_a-reent.o)
 .ARM.attributes
                0x000005f3       0x34 /opt/st/stm32cubeide_2.1.1/plugins/com.st.stm32cube.ide.mcu.externaltools.gnu-tools-for-stm32.14.3.rel1.linux64_1.0.100.202602081740/tools/bin/../lib/gcc/arm-none-eabi/14.3.1/../../../../arm-none-eabi/lib/thumb/v7e-m+fp/hard/libc_nano.a(libc_a-impure.o)
 .ARM.attributes
                0x00000627       0x34 /opt/st/stm32cubeide_2.1.1/plugins/com.st.stm32cube.ide.mcu.externaltools.gnu-tools-for-stm32.14.3.rel1.linux64_1.0.100.202602081740/tools/bin/../lib/gcc/arm-none-eabi/14.3.1/../../../../arm-none-eabi/lib/thumb/v7e-m+fp/hard/libc_nano.a(libc_a-errno.o)
 .ARM.attributes
                0x0000065b       0x34 /opt/st/stm32cubeide_2.1.1/plugins/com.st.stm32cube.ide.mcu.externaltools.gnu-tools-for-stm32.14.3.rel1.linux64_1.0.100.202602081740/tools/bin/../lib/gcc/arm-none-eabi/14.3.1/../../../../arm-none-eabi/lib/thumb/v7e-m+fp/hard/libc_nano.a(libc_a-init.o)
 .ARM.attributes
                0x0000068f       0x34 /opt/st/stm32cubeide_2.1.1/plugins/com.st.stm32cube.ide.mcu.externaltools.gnu-tools-for-stm32.14.3.rel1.linux64_1.0.100.202602081740/tools/bin/../lib/gcc/arm-none-eabi/14.3.1/../../../../arm-none-eabi/lib/thumb/v7e-m+fp/hard/libc_nano.a(libc_a-lock.o)
 .ARM.attributes
                0x000006c3       0x34 /opt/st/stm32cubeide_2.1.1/plugins/com.st.stm32cube.ide.mcu.externaltools.gnu-tools-for-stm32.14.3.rel1.linux64_1.0.100.202602081740/tools/bin/../lib/gcc/arm-none-eabi/14.3.1/../../../../arm-none-eabi/lib/thumb/v7e-m+fp/hard/libc_nano.a(libc_a-freer.o)
 .ARM.attributes
                0x000006f7       0x34 /opt/st/stm32cubeide_2.1.1/plugins/com.st.stm32cube.ide.mcu.externaltools.gnu-tools-for-stm32.14.3.rel1.linux64_1.0.100.202602081740/tools/bin/../lib/gcc/arm-none-eabi/14.3.1/../../../../arm-none-eabi/lib/thumb/v7e-m+fp/hard/libc_nano.a(libc_a-mallocr.o)
 .ARM.attributes
                0x0000072b       0x34 /opt/st/stm32cubeide_2.1.1/plugins/com.st.stm32cube.ide.mcu.externaltools.gnu-tools-for-stm32.14.3.rel1.linux64_1.0.100.202602081740/tools/bin/../lib/gcc/arm-none-eabi/14.3.1/../../../../arm-none-eabi/lib/thumb/v7e-m+fp/hard/libc_nano.a(libc_a-mlock.o)
 .ARM.attributes
                0x0000075f       0x34 /opt/st/stm32cubeide_2.1.1/plugins/com.st.stm32cube.ide.mcu.externaltools.gnu-tools-for-stm32.14.3.rel1.linux64_1.0.100.202602081740/tools/bin/../lib/gcc/arm-none-eabi/14.3.1/../../../../arm-none-eabi/lib/thumb/v7e-m+fp/hard/libc_nano.a(libc_a-nano-svfprintf.o)
 .ARM.attributes
                0x00000793       0x34 /opt/st/stm32cubeide_2.1.1/plugins/com.st.stm32cube.ide.mcu.externaltools.gnu-tools-for-stm32.14.3.rel1.linux64_1.0.100.202602081740/tools/bin/../lib/gcc/arm-none-eabi/14.3.1/../../../../arm-none-eabi/lib/thumb/v7e-m+fp/hard/libc_nano.a(libc_a-nano-vfprintf_i.o)
 .ARM.attributes
                0x000007c7       0x34 /opt/st/stm32cubeide_2.1.1/plugins/com.st.stm32cube.ide.mcu.externaltools.gnu-tools-for-stm32.14.3.rel1.linux64_1.0.100.202602081740/tools/bin/../lib/gcc/arm-none-eabi/14.3.1/../../../../arm-none-eabi/lib/thumb/v7e-m+fp/hard/libc_nano.a(libc_a-memmove.o)
 .ARM.attributes
                0x000007fb       0x34 /opt/st/stm32cubeide_2.1.1/plugins/com.st.stm32cube.ide.mcu.externaltools.gnu-tools-for-stm32.14.3.rel1.linux64_1.0.100.202602081740/tools/bin/../lib/gcc/arm-none-eabi/14.3.1/../../../../arm-none-eabi/lib/thumb/v7e-m+fp/hard/libc_nano.a(libc_a-sbrkr.o)
 .ARM.attributes
                0x0000082f       0x1c /opt/st/stm32cubeide_2.1.1/plugins/com.st.stm32cube.ide.mcu.externaltools.gnu-tools-for-stm32.14.3.rel1.linux64_1.0.100.202602081740/tools/bin/../lib/gcc/arm-none-eabi/14.3.1/../../../../arm-none-eabi/lib/thumb/v7e-m+fp/hard/libc_nano.a(libc_a-memchr.o)
 .ARM.attributes
                0x0000084b       0x34 /opt/st/stm32cubeide_2.1.1/plugins/com.st.stm32cube.ide.mcu.externaltools.gnu-tools-for-stm32.14.3.rel1.linux64_1.0.100.202602081740/tools/bin/../lib/gcc/arm-none-eabi/14.3.1/../../../../arm-none-eabi/lib/thumb/v7e-m+fp/hard/libc_nano.a(libc_a-memcpy-stub.o)
 .ARM.attributes
                0x0000087f       0x34 /opt/st/stm32cubeide_2.1.1/plugins/com.st.stm32cube.ide.mcu.externaltools.gnu-tools-for-stm32.14.3.rel1.linux64_1.0.100.202602081740/tools/bin/../lib/gcc/arm-none-eabi/14.3.1/../../../../arm-none-eabi/lib/thumb/v7e-m+fp/hard/libc_nano.a(libc_a-reallocr.o)
 .ARM.attributes
                0x000008b3       0x34 /opt/st/stm32cubeide_2.1.1/plugins/com.st.stm32cube.ide.mcu.externaltools.gnu-tools-for-stm32.14.3.rel1.linux64_1.0.100.202602081740/tools/bin/../lib/gcc/arm-none-eabi/14.3.1/../../../../arm-none-eabi/lib/thumb/v7e-m+fp/hard/libc_nano.a(libc_a-msizer.o)
 .ARM.attributes
                0x000008e7       0x22 /opt/st/stm32cubeide_2.1.1/plugins/com.st.stm32cube.ide.mcu.externaltools.gnu-tools-for-stm32.14.3.rel1.linux64_1.0.100.202602081740/tools/bin/../lib/gcc/arm-none-eabi/14.3.1/thumb/v7e-m+fp/hard/libgcc.a(_aeabi_uldivmod.o)
 .ARM.attributes
                0x00000909       0x34 /opt/st/stm32cubeide_2.1.1/plugins/com.st.stm32cube.ide.mcu.externaltools.gnu-tools-for-stm32.14.3.rel1.linux64_1.0.100.202602081740/tools/bin/../lib/gcc/arm-none-eabi/14.3.1/thumb/v7e-m+fp/hard/libgcc.a(_udivmoddi4.o)
 .ARM.attributes
                0x0000093d       0x22 /opt/st/stm32cubeide_2.1.1/plugins/com.st.stm32cube.ide.mcu.externaltools.gnu-tools-for-stm32.14.3.rel1.linux64_1.0.100.202602081740/tools/bin/../lib/gcc/arm-none-eabi/14.3.1/thumb/v7e-m+fp/hard/libgcc.a(_dvmd_tls.o)
 .ARM.attributes
                0x0000095f       0x22 /opt/st/stm32cubeide_2.1.1/plugins/com.st.stm32cube.ide.mcu.externaltools.gnu-tools-for-stm32.14.3.rel1.linux64_1.0.100.202602081740/tools/bin/../lib/gcc/arm-none-eabi/14.3.1/thumb/v7e-m+fp/hard/crtn.o
OUTPUT(blackpill_ads1256_usb.elf elf32-littlearm)
LOAD linker stubs
LOAD /opt/st/stm32cubeide_2.1.1/plugins/com.st.stm32cube.ide.mcu.externaltools.gnu-tools-for-stm32.14.3.rel1.linux64_1.0.100.202602081740/tools/bin/../lib/gcc/arm-none-eabi/14.3.1/../../../../arm-none-eabi/lib/thumb/v7e-m+fp/hard/libc.a
LOAD /opt/st/stm32cubeide_2.1.1/plugins/com.st.stm32cube.ide.mcu.externaltools.gnu-tools-for-stm32.14.3.rel1.linux64_1.0.100.202602081740/tools/bin/../lib/gcc/arm-none-eabi/14.3.1/../../../../arm-none-eabi/lib/thumb/v7e-m+fp/hard/libm.a
LOAD /opt/st/stm32cubeide_2.1.1/plugins/com.st.stm32cube.ide.mcu.externaltools.gnu-tools-for-stm32.14.3.rel1.linux64_1.0.100.202602081740/tools/bin/../lib/gcc/arm-none-eabi/14.3.1/thumb/v7e-m+fp/hard/libgcc.a

.debug_info     0x00000000    0x104c4
 .debug_info    0x00000000      0x433 ./Core/Src/gpio.o
 .debug_info    0x00000433     0x131e ./Core/Src/main.o
 .debug_info    0x00001751      0x980 ./Core/Src/spi.o
 .debug_info    0x000020d1      0x291 ./Core/Src/stm32f4xx_hal_msp.o
 .debug_info    0x00002362      0x627 ./Core/Src/stm32f4xx_it.o
 .debug_info    0x00002989      0x168 ./Core/Src/sysmem.o
 .debug_info    0x00002af1      0x53e ./Core/Src/system_stm32f4xx.o
 .debug_info    0x0000302f       0x30 ./Core/Startup/startup_stm32f411ceux.o
 .debug_info    0x0000305f      0x8c4 ./Drivers/STM32F4xx_HAL_Driver/Src/stm32f4xx_hal.o
 .debug_info    0x00003923      0xcfc ./Drivers/STM32F4xx_HAL_Driver/Src/stm32f4xx_hal_cortex.o
 .debug_info    0x0000461f      0x6f9 ./Drivers/STM32F4xx_HAL_Driver/Src/stm32f4xx_hal_gpio.o
 .debug_info    0x00004d18     0x1577 ./Drivers/STM32F4xx_HAL_Driver/Src/stm32f4xx_hal_pcd.o
 .debug_info    0x0000628f      0x6ea ./Drivers/STM32F4xx_HAL_Driver/Src/stm32f4xx_hal_pcd_ex.o
 .debug_info    0x00006979      0x904 ./Drivers/STM32F4xx_HAL_Driver/Src/stm32f4xx_hal_rcc.o
 .debug_info    0x0000727d     0x1530 ./Drivers/STM32F4xx_HAL_Driver/Src/stm32f4xx_hal_spi.o
 .debug_info    0x000087ad     0x1993 ./Drivers/STM32F4xx_HAL_Driver/Src/stm32f4xx_ll_usb.o
 .debug_info    0x0000a140     0x12a5 ./Middlewares/ST/STM32_USB_Device_Library/Class/CDC/Src/usbd_cdc.o
 .debug_info    0x0000b3e5      0xe12 ./Middlewares/ST/STM32_USB_Device_Library/Core/Src/usbd_core.o
 .debug_info    0x0000c1f7      0xaeb ./Middlewares/ST/STM32_USB_Device_Library/Core/Src/usbd_ctlreq.o
 .debug_info    0x0000cce2      0x762 ./Middlewares/ST/STM32_USB_Device_Library/Core/Src/usbd_ioreq.o
 .debug_info    0x0000d444      0x70e ./USB_DEVICE/App/usb_device.o
 .debug_info    0x0000db52      0x907 ./USB_DEVICE/App/usbd_cdc_if.o
 .debug_info    0x0000e459      0x458 ./USB_DEVICE/App/usbd_desc.o
 .debug_info    0x0000e8b1     0x1c13 ./USB_DEVICE/Target/usbd_conf.o

.debug_abbrev   0x00000000     0x3161
 .debug_abbrev  0x00000000      0x151 ./Core/Src/gpio.o
 .debug_abbrev  0x00000151      0x34f ./Core/Src/main.o
 .debug_abbrev  0x000004a0      0x1f8 ./Core/Src/spi.o
 .debug_abbrev  0x00000698       0xd8 ./Core/Src/stm32f4xx_hal_msp.o
 .debug_abbrev  0x00000770      0x1a4 ./Core/Src/stm32f4xx_it.o
 .debug_abbrev  0x00000914       0xbc ./Core/Src/sysmem.o
 .debug_abbrev  0x000009d0      0x11a ./Core/Src/system_stm32f4xx.o
 .debug_abbrev  0x00000aea       0x24 ./Core/Startup/startup_stm32f411ceux.o
 .debug_abbrev  0x00000b0e      0x24b ./Drivers/STM32F4xx_HAL_Driver/Src/stm32f4xx_hal.o
 .debug_abbrev  0x00000d59      0x31d ./Drivers/STM32F4xx_HAL_Driver/Src/stm32f4xx_hal_cortex.o
 .debug_abbrev  0x00001076      0x1d3 ./Drivers/STM32F4xx_HAL_Driver/Src/stm32f4xx_hal_gpio.o
 .debug_abbrev  0x00001249      0x2b6 ./Drivers/STM32F4xx_HAL_Driver/Src/stm32f4xx_hal_pcd.o
 .debug_abbrev  0x000014ff      0x1da ./Drivers/STM32F4xx_HAL_Driver/Src/stm32f4xx_hal_pcd_ex.o
 .debug_abbrev  0x000016d9      0x2b6 ./Drivers/STM32F4xx_HAL_Driver/Src/stm32f4xx_hal_rcc.o
 .debug_abbrev  0x0000198f      0x276 ./Drivers/STM32F4xx_HAL_Driver/Src/stm32f4xx_hal_spi.o
 .debug_abbrev  0x00001c05      0x2b3 ./Drivers/STM32F4xx_HAL_Driver/Src/stm32f4xx_ll_usb.o
 .debug_abbrev  0x00001eb8      0x2d2 ./Middlewares/ST/STM32_USB_Device_Library/Class/CDC/Src/usbd_cdc.o
 .debug_abbrev  0x0000218a      0x27c ./Middlewares/ST/STM32_USB_Device_Library/Core/Src/usbd_core.o
 .debug_abbrev  0x00002406      0x26f ./Middlewares/ST/STM32_USB_Device_Library/Core/Src/usbd_ctlreq.o
 .debug_abbrev  0x00002675      0x19a ./Middlewares/ST/STM32_USB_Device_Library/Core/Src/usbd_ioreq.o
 .debug_abbrev  0x0000280f      0x195 ./USB_DEVICE/App/usb_device.o
 .debug_abbrev  0x000029a4      0x29d ./USB_DEVICE/App/usbd_cdc_if.o
 .debug_abbrev  0x00002c41      0x1e1 ./USB_DEVICE/App/usbd_desc.o
 .debug_abbrev  0x00002e22      0x33f ./USB_DEVICE/Target/usbd_conf.o

.debug_aranges  0x00000000      0xdf0
 .debug_aranges
                0x00000000       0x20 ./Core/Src/gpio.o
 .debug_aranges
                0x00000020       0x98 ./Core/Src/main.o
 .debug_aranges
                0x000000b8       0x30 ./Core/Src/spi.o
 .debug_aranges
                0x000000e8       0x20 ./Core/Src/stm32f4xx_hal_msp.o
 .debug_aranges
                0x00000108       0x68 ./Core/Src/stm32f4xx_it.o
 .debug_aranges
                0x00000170       0x20 ./Core/Src/sysmem.o
 .debug_aranges
                0x00000190       0x28 ./Core/Src/system_stm32f4xx.o
 .debug_aranges
                0x000001b8       0x28 ./Core/Startup/startup_stm32f411ceux.o
 .debug_aranges
                0x000001e0       0xf0 ./Drivers/STM32F4xx_HAL_Driver/Src/stm32f4xx_hal.o
 .debug_aranges
                0x000002d0      0x130 ./Drivers/STM32F4xx_HAL_Driver/Src/stm32f4xx_hal_cortex.o
 .debug_aranges
                0x00000400       0x58 ./Drivers/STM32F4xx_HAL_Driver/Src/stm32f4xx_hal_gpio.o
 .debug_aranges
                0x00000458      0x148 ./Drivers/STM32F4xx_HAL_Driver/Src/stm32f4xx_hal_pcd.o
 .debug_aranges
                0x000005a0       0x38 ./Drivers/STM32F4xx_HAL_Driver/Src/stm32f4xx_hal_pcd_ex.o
 .debug_aranges
                0x000005d8       0x88 ./Drivers/STM32F4xx_HAL_Driver/Src/stm32f4xx_hal_rcc.o
 .debug_aranges
                0x00000660      0x1d0 ./Drivers/STM32F4xx_HAL_Driver/Src/stm32f4xx_hal_spi.o
 .debug_aranges
                0x00000830      0x1a0 ./Drivers/STM32F4xx_HAL_Driver/Src/stm32f4xx_ll_usb.o
 .debug_aranges
                0x000009d0       0x90 ./Middlewares/ST/STM32_USB_Device_Library/Class/CDC/Src/usbd_cdc.o
 .debug_aranges
                0x00000a60       0xd8 ./Middlewares/ST/STM32_USB_Device_Library/Core/Src/usbd_core.o
 .debug_aranges
                0x00000b38       0x90 ./Middlewares/ST/STM32_USB_Device_Library/Core/Src/usbd_ctlreq.o
 .debug_aranges
                0x00000bc8       0x50 ./Middlewares/ST/STM32_USB_Device_Library/Core/Src/usbd_ioreq.o
 .debug_aranges
                0x00000c18       0x20 ./USB_DEVICE/App/usb_device.o
 .debug_aranges
                0x00000c38       0x48 ./USB_DEVICE/App/usbd_cdc_if.o
 .debug_aranges
                0x00000c80       0x60 ./USB_DEVICE/App/usbd_desc.o
 .debug_aranges
                0x00000ce0      0x110 ./USB_DEVICE/Target/usbd_conf.o

.debug_rnglists
                0x00000000      0xa55
 .debug_rnglists
                0x00000000       0x14 ./Core/Src/gpio.o
 .debug_rnglists
                0x00000014       0x72 ./Core/Src/main.o
 .debug_rnglists
                0x00000086       0x20 ./Core/Src/spi.o
 .debug_rnglists
                0x000000a6       0x13 ./Core/Src/stm32f4xx_hal_msp.o
 .debug_rnglists
                0x000000b9       0x49 ./Core/Src/stm32f4xx_it.o
 .debug_rnglists
                0x00000102       0x13 ./Core/Src/sysmem.o
 .debug_rnglists
                0x00000115       0x1a ./Core/Src/system_stm32f4xx.o
 .debug_rnglists
                0x0000012f       0x19 ./Core/Startup/startup_stm32f411ceux.o
 .debug_rnglists
                0x00000148       0xaf ./Drivers/STM32F4xx_HAL_Driver/Src/stm32f4xx_hal.o
 .debug_rnglists
                0x000001f7       0xe0 ./Drivers/STM32F4xx_HAL_Driver/Src/stm32f4xx_hal_cortex.o
 .debug_rnglists
                0x000002d7       0x3f ./Drivers/STM32F4xx_HAL_Driver/Src/stm32f4xx_hal_gpio.o
 .debug_rnglists
                0x00000316       0xfa ./Drivers/STM32F4xx_HAL_Driver/Src/stm32f4xx_hal_pcd.o
 .debug_rnglists
                0x00000410       0x26 ./Drivers/STM32F4xx_HAL_Driver/Src/stm32f4xx_hal_pcd_ex.o
 .debug_rnglists
                0x00000436       0x66 ./Drivers/STM32F4xx_HAL_Driver/Src/stm32f4xx_hal_rcc.o
 .debug_rnglists
                0x0000049c      0x16f ./Drivers/STM32F4xx_HAL_Driver/Src/stm32f4xx_hal_spi.o
 .debug_rnglists
                0x0000060b      0x147 ./Drivers/STM32F4xx_HAL_Driver/Src/stm32f4xx_ll_usb.o
 .debug_rnglists
                0x00000752       0x6c ./Middlewares/ST/STM32_USB_Device_Library/Class/CDC/Src/usbd_cdc.o
 .debug_rnglists
                0x000007be       0xa1 ./Middlewares/ST/STM32_USB_Device_Library/Core/Src/usbd_core.o
 .debug_rnglists
                0x0000085f       0x6e ./Middlewares/ST/STM32_USB_Device_Library/Core/Src/usbd_ctlreq.o
 .debug_rnglists
                0x000008cd       0x37 ./Middlewares/ST/STM32_USB_Device_Library/Core/Src/usbd_ioreq.o
 .debug_rnglists
                0x00000904       0x13 ./USB_DEVICE/App/usb_device.o
 .debug_rnglists
                0x00000917       0x32 ./USB_DEVICE/App/usbd_cdc_if.o
 .debug_rnglists
                0x00000949       0x43 ./USB_DEVICE/App/usbd_desc.o
 .debug_rnglists
                0x0000098c       0xc9 ./USB_DEVICE/Target/usbd_conf.o

.debug_macro    0x00000000    0x189d6
 .debug_macro   0x00000000      0x1f7 ./Core/Src/gpio.o
 .debug_macro   0x000001f7      0xad8 ./Core/Src/gpio.o
 .debug_macro   0x00000ccf      0x29b ./Core/Src/gpio.o
 .debug_macro   0x00000f6a       0x2e ./Core/Src/gpio.o
 .debug_macro   0x00000f98       0x28 ./Core/Src/gpio.o
 .debug_macro   0x00000fc0       0x22 ./Core/Src/gpio.o
 .debug_macro   0x00000fe2       0x8e ./Core/Src/gpio.o
 .debug_macro   0x00001070       0x51 ./Core/Src/gpio.o
 .debug_macro   0x000010c1      0x103 ./Core/Src/gpio.o
 .debug_macro   0x000011c4       0x6a ./Core/Src/gpio.o
 .debug_macro   0x0000122e      0x1df ./Core/Src/gpio.o
 .debug_macro   0x0000140d       0x1c ./Core/Src/gpio.o
 .debug_macro   0x00001429       0x22 ./Core/Src/gpio.o
 .debug_macro   0x0000144b       0xfb ./Core/Src/gpio.o
 .debug_macro   0x00001546     0x1011 ./Core/Src/gpio.o
 .debug_macro   0x00002557      0x11f ./Core/Src/gpio.o
 .debug_macro   0x00002676     0xb968 ./Core/Src/gpio.o
 .debug_macro   0x0000dfde       0x6d ./Core/Src/gpio.o
 .debug_macro   0x0000e04b     0x3693 ./Core/Src/gpio.o
 .debug_macro   0x000116de      0x190 ./Core/Src/gpio.o
 .debug_macro   0x0001186e       0x5c ./Core/Src/gpio.o
 .debug_macro   0x000118ca      0x45c ./Core/Src/gpio.o
 .debug_macro   0x00011d26      0x9e9 ./Core/Src/gpio.o
 .debug_macro   0x0001270f      0x115 ./Core/Src/gpio.o
 .debug_macro   0x00012824      0x11b ./Core/Src/gpio.o
 .debug_macro   0x0001293f       0xa5 ./Core/Src/gpio.o
 .debug_macro   0x000129e4      0x15f ./Core/Src/gpio.o
 .debug_macro   0x00012b43      0x287 ./Core/Src/gpio.o
 .debug_macro   0x00012dca       0x5f ./Core/Src/gpio.o
 .debug_macro   0x00012e29      0x236 ./Core/Src/gpio.o
 .debug_macro   0x0001305f      0x132 ./Core/Src/gpio.o
 .debug_macro   0x00013191      0x264 ./Core/Src/gpio.o
 .debug_macro   0x000133f5       0x2e ./Core/Src/gpio.o
 .debug_macro   0x00013423      0x127 ./Core/Src/gpio.o
 .debug_macro   0x0001354a       0x85 ./Core/Src/gpio.o
 .debug_macro   0x000135cf       0x89 ./Core/Src/gpio.o
 .debug_macro   0x00013658      0x225 ./Core/Src/gpio.o
 .debug_macro   0x0001387d      0x293 ./Core/Src/gpio.o
 .debug_macro   0x00013b10       0xba ./Core/Src/gpio.o
 .debug_macro   0x00013bca      0x126 ./Core/Src/gpio.o
 .debug_macro   0x00013cf0       0x34 ./Core/Src/gpio.o
 .debug_macro   0x00013d24      0x46d ./Core/Src/main.o
 .debug_macro   0x00014191       0x61 ./Core/Src/main.o
 .debug_macro   0x000141f2       0x2a ./Core/Src/main.o
 .debug_macro   0x0001421c       0x43 ./Core/Src/main.o
 .debug_macro   0x0001425f       0x34 ./Core/Src/main.o
 .debug_macro   0x00014293       0x16 ./Core/Src/main.o
 .debug_macro   0x000142a9       0x3c ./Core/Src/main.o
 .debug_macro   0x000142e5      0x364 ./Core/Src/main.o
 .debug_macro   0x00014649       0x10 ./Core/Src/main.o
 .debug_macro   0x00014659       0x16 ./Core/Src/main.o
 .debug_macro   0x0001466f       0x4a ./Core/Src/main.o
 .debug_macro   0x000146b9       0x34 ./Core/Src/main.o
 .debug_macro   0x000146ed       0x10 ./Core/Src/main.o
 .debug_macro   0x000146fd       0x58 ./Core/Src/main.o
 .debug_macro   0x00014755       0x8e ./Core/Src/main.o
 .debug_macro   0x000147e3       0x1c ./Core/Src/main.o
 .debug_macro   0x000147ff      0x17e ./Core/Src/main.o
 .debug_macro   0x0001497d       0x16 ./Core/Src/main.o
 .debug_macro   0x00014993       0x16 ./Core/Src/main.o
 .debug_macro   0x000149a9      0x146 ./Core/Src/main.o
 .debug_macro   0x00014aef       0x16 ./Core/Src/main.o
 .debug_macro   0x00014b05       0x16 ./Core/Src/main.o
 .debug_macro   0x00014b1b       0x29 ./Core/Src/main.o
 .debug_macro   0x00014b44       0x16 ./Core/Src/main.o
 .debug_macro   0x00014b5a       0x20 ./Core/Src/main.o
 .debug_macro   0x00014b7a       0x65 ./Core/Src/main.o
 .debug_macro   0x00014bdf      0x20f ./Core/Src/main.o
 .debug_macro   0x00014dee       0x95 ./Core/Src/main.o
 .debug_macro   0x00014e83       0x10 ./Core/Src/main.o
 .debug_macro   0x00014e93      0x1f7 ./Core/Src/spi.o
 .debug_macro   0x0001508a      0x1ed ./Core/Src/stm32f4xx_hal_msp.o
 .debug_macro   0x00015277      0x1f7 ./Core/Src/stm32f4xx_it.o
 .debug_macro   0x0001546e      0x112 ./Core/Src/sysmem.o
 .debug_macro   0x00015580      0x23c ./Core/Src/sysmem.o
 .debug_macro   0x000157bc      0x1de ./Core/Src/system_stm32f4xx.o
 .debug_macro   0x0001599a      0x23e ./Drivers/STM32F4xx_HAL_Driver/Src/stm32f4xx_hal.o
 .debug_macro   0x00015bd8      0x1de ./Drivers/STM32F4xx_HAL_Driver/Src/stm32f4xx_hal_cortex.o
 .debug_macro   0x00015db6      0x1e4 ./Drivers/STM32F4xx_HAL_Driver/Src/stm32f4xx_hal_gpio.o
 .debug_macro   0x00015f9a      0x1ea ./Drivers/STM32F4xx_HAL_Driver/Src/stm32f4xx_hal_pcd.o
 .debug_macro   0x00016184      0x1de ./Drivers/STM32F4xx_HAL_Driver/Src/stm32f4xx_hal_pcd_ex.o
 .debug_macro   0x00016362      0x202 ./Drivers/STM32F4xx_HAL_Driver/Src/stm32f4xx_hal_rcc.o
 .debug_macro   0x00016564      0x1ed ./Drivers/STM32F4xx_HAL_Driver/Src/stm32f4xx_hal_spi.o
 .debug_macro   0x00016751      0x1de ./Drivers/STM32F4xx_HAL_Driver/Src/stm32f4xx_ll_usb.o
 .debug_macro   0x0001692f      0x37c ./Middlewares/ST/STM32_USB_Device_Library/Class/CDC/Src/usbd_cdc.o
 .debug_macro   0x00016cab       0x9e ./Middlewares/ST/STM32_USB_Device_Library/Class/CDC/Src/usbd_cdc.o
 .debug_macro   0x00016d49      0x112 ./Middlewares/ST/STM32_USB_Device_Library/Class/CDC/Src/usbd_cdc.o
 .debug_macro   0x00016e5b       0x56 ./Middlewares/ST/STM32_USB_Device_Library/Class/CDC/Src/usbd_cdc.o
 .debug_macro   0x00016eb1      0x363 ./Middlewares/ST/STM32_USB_Device_Library/Core/Src/usbd_core.o
 .debug_macro   0x00017214      0x215 ./Middlewares/ST/STM32_USB_Device_Library/Core/Src/usbd_core.o
 .debug_macro   0x00017429      0x36d ./Middlewares/ST/STM32_USB_Device_Library/Core/Src/usbd_ctlreq.o
 .debug_macro   0x00017796      0x369 ./Middlewares/ST/STM32_USB_Device_Library/Core/Src/usbd_ioreq.o
 .debug_macro   0x00017aff      0x39c ./USB_DEVICE/App/usb_device.o
 .debug_macro   0x00017e9b       0x3a ./USB_DEVICE/App/usb_device.o
 .debug_macro   0x00017ed5       0x22 ./USB_DEVICE/App/usb_device.o
 .debug_macro   0x00017ef7       0x16 ./USB_DEVICE/App/usb_device.o
 .debug_macro   0x00017f0d      0x387 ./USB_DEVICE/App/usbd_cdc_if.o
 .debug_macro   0x00018294      0x3a6 ./USB_DEVICE/App/usbd_desc.o
 .debug_macro   0x0001863a       0x1c ./USB_DEVICE/App/usbd_desc.o
 .debug_macro   0x00018656      0x380 ./USB_DEVICE/Target/usbd_conf.o

.debug_line     0x00000000    0x118aa
 .debug_line    0x00000000      0x6cc ./Core/Src/gpio.o
 .debug_line    0x000006cc      0xcb7 ./Core/Src/main.o
 .debug_line    0x00001383      0x71a ./Core/Src/spi.o
 .debug_line    0x00001a9d      0x6a4 ./Core/Src/stm32f4xx_hal_msp.o
 .debug_line    0x00002141      0x76b ./Core/Src/stm32f4xx_it.o
 .debug_line    0x000028ac      0x4c2 ./Core/Src/sysmem.o
 .debug_line    0x00002d6e      0x71a ./Core/Src/system_stm32f4xx.o
 .debug_line    0x00003488       0x7a ./Core/Startup/startup_stm32f411ceux.o
 .debug_line    0x00003502      0x999 ./Drivers/STM32F4xx_HAL_Driver/Src/stm32f4xx_hal.o
 .debug_line    0x00003e9b      0xc66 ./Drivers/STM32F4xx_HAL_Driver/Src/stm32f4xx_hal_cortex.o
 .debug_line    0x00004b01      0xaaf ./Drivers/STM32F4xx_HAL_Driver/Src/stm32f4xx_hal_gpio.o
 .debug_line    0x000055b0     0x13df ./Drivers/STM32F4xx_HAL_Driver/Src/stm32f4xx_hal_pcd.o
 .debug_line    0x0000698f      0x75f ./Drivers/STM32F4xx_HAL_Driver/Src/stm32f4xx_hal_pcd_ex.o
 .debug_line    0x000070ee      0xda3 ./Drivers/STM32F4xx_HAL_Driver/Src/stm32f4xx_hal_rcc.o
 .debug_line    0x00007e91     0x1c31 ./Drivers/STM32F4xx_HAL_Driver/Src/stm32f4xx_hal_spi.o
 .debug_line    0x00009ac2     0x1c74 ./Drivers/STM32F4xx_HAL_Driver/Src/stm32f4xx_ll_usb.o
 .debug_line    0x0000b736      0xdf4 ./Middlewares/ST/STM32_USB_Device_Library/Class/CDC/Src/usbd_cdc.o
 .debug_line    0x0000c52a      0xeac ./Middlewares/ST/STM32_USB_Device_Library/Core/Src/usbd_core.o
 .debug_line    0x0000d3d6     0x106e ./Middlewares/ST/STM32_USB_Device_Library/Core/Src/usbd_ctlreq.o
 .debug_line    0x0000e444      0x9b3 ./Middlewares/ST/STM32_USB_Device_Library/Core/Src/usbd_ioreq.o
 .debug_line    0x0000edf7      0x979 ./USB_DEVICE/App/usb_device.o
 .debug_line    0x0000f770      0x9cc ./USB_DEVICE/App/usbd_cdc_if.o
 .debug_line    0x0001013c      0xa22 ./USB_DEVICE/App/usbd_desc.o