../Core/Src/main.c:106:5:main	8224	static,ignoring_inline_asm
../Core/Src/main.c:209:6:SystemClock_Config	88	static
../Core/Src/main.c:259:13:DWT_Init	4	static
../Core/Src/main.c:266:13:delay_us	24	static,ignoring_inline_asm
../Core/Src/main.c:277:13:usb_write_blocking	24	static
../Core/Src/main.c:290:13:ads_cs_low	8	static
../Core/Src/main.c:295:13:ads_cs_high	8	static
../Core/Src/main.c:300:13:ads_send_cmd	16	static
../Core/Src/main.c:315:13:ads_write_reg	24	static
../Core/Src/main.c:336:16:ads_read_reg	24	static
../Core/Src/main.c:367:16:ads_wait_drdy_timeout	24	static
../Core/Src/main.c:382:13:ads_wait_drdy	8	static,ignoring_inline_asm
../Core/Src/main.c:390:13:ads_init	96	static
../Core/Src/main.c:471:16:ads_read_raw24_continuous	32	static
../Core/Src/main.c:501:13:error_blink_fast	8	static
../Core/Src/main.c:518:6:Error_Handler	8	static,ignoring_inline_asm
