../Core/Src/main.c:106:5:main	3
../Core/Src/main.c:209:6:SystemClock_Config	3
../Core/Src/main.c:259:13:DWT_Init	1
../Core/Src/main.c:266:13:delay_us	2
../Core/Src/main.c:277:13:usb_write_blocking	3
../Core/Src/main.c:290:13:ads_cs_low	1
../Core/Src/main.c:295:13:ads_cs_high	1
../Core/Src/main.c:300:13:ads_send_cmd	2
../Core/Src/main.c:315:13:ads_write_reg	2
../Core/Src/main.c:336:16:ads_read_reg	3
../Core/Src/main.c:367:16:ads_wait_drdy_timeout	3
../Core/Src/main.c:382:13:ads_wait_drdy	2
../Core/Src/main.c:390:13:ads_init	4
../Core/Src/main.c:471:16:ads_read_raw24_continuous	3
../Core/Src/main.c:501:13:error_blink_fast	1
../Core/Src/main.c:518:6:Error_Handler	1
